gru 29 21:43:44 bscnode-MS-7C91 kernel: Linux version 5.15.0-56-generic (buildd@lcy02-amd64-004) (gcc (Ubuntu 11.3.0-1ubuntu1~22.04) 11.3.0, GNU ld (GNU Binutils for Ubuntu) 2.38) #62-Ubuntu SMP Tue Nov 22 19:54:14 UTC 2022 (Ubuntu 5.15.0-56.62-generic 5.15.64)
gru 29 21:43:44 bscnode-MS-7C91 kernel: Command line: BOOT_IMAGE=/vmlinuz-5.15.0-56-generic root=UUID=e3d1fba6-f9ab-4e88-afe1-c0c3fa4c9c72 ro quiet splash vt.handoff=7
gru 29 21:43:44 bscnode-MS-7C91 kernel: KERNEL supported cpus:
gru 29 21:43:44 bscnode-MS-7C91 kernel:   Intel GenuineIntel
gru 29 21:43:44 bscnode-MS-7C91 kernel:   AMD AuthenticAMD
gru 29 21:43:44 bscnode-MS-7C91 kernel:   Hygon HygonGenuine
gru 29 21:43:44 bscnode-MS-7C91 kernel:   Centaur CentaurHauls
gru 29 21:43:44 bscnode-MS-7C91 kernel:   zhaoxin   Shanghai  
gru 29 21:43:44 bscnode-MS-7C91 kernel: x86/fpu: Supporting XSAVE feature 0x001: 'x87 floating point registers'
gru 29 21:43:44 bscnode-MS-7C91 kernel: x86/fpu: Supporting XSAVE feature 0x002: 'SSE registers'
gru 29 21:43:44 bscnode-MS-7C91 kernel: x86/fpu: Supporting XSAVE feature 0x004: 'AVX registers'
gru 29 21:43:44 bscnode-MS-7C91 kernel: x86/fpu: Supporting XSAVE feature 0x200: 'Protection Keys User registers'
gru 29 21:43:44 bscnode-MS-7C91 kernel: x86/fpu: xstate_offset[2]:  576, xstate_sizes[2]:  256
gru 29 21:43:44 bscnode-MS-7C91 kernel: x86/fpu: xstate_offset[9]:  832, xstate_sizes[9]:    8
gru 29 21:43:44 bscnode-MS-7C91 kernel: x86/fpu: Enabled xstate features 0x207, context size is 840 bytes, using 'compacted' format.
gru 29 21:43:44 bscnode-MS-7C91 kernel: signal: max sigframe size: 3376
gru 29 21:43:44 bscnode-MS-7C91 kernel: BIOS-provided physical RAM map:
gru 29 21:43:44 bscnode-MS-7C91 kernel: BIOS-e820: [mem 0x0000000000000000-0x000000000009ffff] usable
gru 29 21:43:44 bscnode-MS-7C91 kernel: BIOS-e820: [mem 0x00000000000a0000-0x00000000000fffff] reserved
gru 29 21:43:44 bscnode-MS-7C91 kernel: BIOS-e820: [mem 0x0000000000100000-0x0000000009e01fff] usable
gru 29 21:43:44 bscnode-MS-7C91 kernel: BIOS-e820: [mem 0x0000000009e02000-0x0000000009ffffff] reserved
gru 29 21:43:44 bscnode-MS-7C91 kernel: BIOS-e820: [mem 0x000000000a000000-0x000000000a1fffff] usable
gru 29 21:43:44 bscnode-MS-7C91 kernel: BIOS-e820: [mem 0x000000000a200000-0x000000000a20dfff] ACPI NVS
gru 29 21:43:44 bscnode-MS-7C91 kernel: BIOS-e820: [mem 0x000000000a20e000-0x000000000affffff] usable
gru 29 21:43:44 bscnode-MS-7C91 kernel: BIOS-e820: [mem 0x000000000b000000-0x000000000b01ffff] reserved
gru 29 21:43:44 bscnode-MS-7C91 kernel: BIOS-e820: [mem 0x000000000b020000-0x00000000db0e7fff] usable
gru 29 21:43:44 bscnode-MS-7C91 kernel: BIOS-e820: [mem 0x00000000db0e8000-0x00000000db4a3fff] reserved
gru 29 21:43:44 bscnode-MS-7C91 kernel: BIOS-e820: [mem 0x00000000db4a4000-0x00000000db507fff] ACPI data
gru 29 21:43:44 bscnode-MS-7C91 kernel: BIOS-e820: [mem 0x00000000db508000-0x00000000dcc06fff] ACPI NVS
gru 29 21:43:44 bscnode-MS-7C91 kernel: BIOS-e820: [mem 0x00000000dcc07000-0x00000000ddbfefff] reserved
gru 29 21:43:44 bscnode-MS-7C91 kernel: BIOS-e820: [mem 0x00000000ddbff000-0x00000000deffffff] usable
gru 29 21:43:44 bscnode-MS-7C91 kernel: BIOS-e820: [mem 0x00000000df000000-0x00000000dfffffff] reserved
gru 29 21:43:44 bscnode-MS-7C91 kernel: BIOS-e820: [mem 0x00000000f0000000-0x00000000f7ffffff] reserved
gru 29 21:43:44 bscnode-MS-7C91 kernel: BIOS-e820: [mem 0x00000000fd200000-0x00000000fd2fffff] reserved
gru 29 21:43:44 bscnode-MS-7C91 kernel: BIOS-e820: [mem 0x00000000fd600000-0x00000000fd7fffff] reserved
gru 29 21:43:44 bscnode-MS-7C91 kernel: BIOS-e820: [mem 0x00000000fea00000-0x00000000fea0ffff] reserved
gru 29 21:43:44 bscnode-MS-7C91 kernel: BIOS-e820: [mem 0x00000000feb80000-0x00000000fec01fff] reserved
gru 29 21:43:44 bscnode-MS-7C91 kernel: BIOS-e820: [mem 0x00000000fec10000-0x00000000fec10fff] reserved
gru 29 21:43:44 bscnode-MS-7C91 kernel: BIOS-e820: [mem 0x00000000fec30000-0x00000000fec30fff] reserved
gru 29 21:43:44 bscnode-MS-7C91 kernel: BIOS-e820: [mem 0x00000000fed00000-0x00000000fed00fff] reserved
gru 29 21:43:44 bscnode-MS-7C91 kernel: BIOS-e820: [mem 0x00000000fed40000-0x00000000fed44fff] reserved
gru 29 21:43:44 bscnode-MS-7C91 kernel: BIOS-e820: [mem 0x00000000fed80000-0x00000000fed8ffff] reserved
gru 29 21:43:44 bscnode-MS-7C91 kernel: BIOS-e820: [mem 0x00000000fedc2000-0x00000000fedcffff] reserved
gru 29 21:43:44 bscnode-MS-7C91 kernel: BIOS-e820: [mem 0x00000000fedd4000-0x00000000fedd5fff] reserved
gru 29 21:43:44 bscnode-MS-7C91 kernel: BIOS-e820: [mem 0x00000000ff000000-0x00000000ffffffff] reserved
gru 29 21:43:44 bscnode-MS-7C91 kernel: BIOS-e820: [mem 0x0000000100000000-0x000000081f2fffff] usable
gru 29 21:43:44 bscnode-MS-7C91 kernel: BIOS-e820: [mem 0x000000081f300000-0x000000081fffffff] reserved
gru 29 21:43:44 bscnode-MS-7C91 kernel: NX (Execute Disable) protection: active
gru 29 21:43:44 bscnode-MS-7C91 kernel: e820: update [mem 0xd6968018-0xd6976057] usable ==> usable
gru 29 21:43:44 bscnode-MS-7C91 kernel: e820: update [mem 0xd6968018-0xd6976057] usable ==> usable
gru 29 21:43:44 bscnode-MS-7C91 kernel: e820: update [mem 0xd695a018-0xd6967857] usable ==> usable
gru 29 21:43:44 bscnode-MS-7C91 kernel: e820: update [mem 0xd695a018-0xd6967857] usable ==> usable
gru 29 21:43:44 bscnode-MS-7C91 kernel: e820: update [mem 0xd6949018-0xd6959057] usable ==> usable
gru 29 21:43:44 bscnode-MS-7C91 kernel: e820: update [mem 0xd6949018-0xd6959057] usable ==> usable
gru 29 21:43:44 bscnode-MS-7C91 kernel: extended physical RAM map:
gru 29 21:43:44 bscnode-MS-7C91 kernel: reserve setup_data: [mem 0x0000000000000000-0x000000000009ffff] usable
gru 29 21:43:44 bscnode-MS-7C91 kernel: reserve setup_data: [mem 0x00000000000a0000-0x00000000000fffff] reserved
gru 29 21:43:44 bscnode-MS-7C91 kernel: reserve setup_data: [mem 0x0000000000100000-0x0000000009e01fff] usable
gru 29 21:43:44 bscnode-MS-7C91 kernel: reserve setup_data: [mem 0x0000000009e02000-0x0000000009ffffff] reserved
gru 29 21:43:44 bscnode-MS-7C91 kernel: reserve setup_data: [mem 0x000000000a000000-0x000000000a1fffff] usable
gru 29 21:43:44 bscnode-MS-7C91 kernel: reserve setup_data: [mem 0x000000000a200000-0x000000000a20dfff] ACPI NVS
gru 29 21:43:44 bscnode-MS-7C91 kernel: reserve setup_data: [mem 0x000000000a20e000-0x000000000affffff] usable
gru 29 21:43:44 bscnode-MS-7C91 kernel: reserve setup_data: [mem 0x000000000b000000-0x000000000b01ffff] reserved
gru 29 21:43:44 bscnode-MS-7C91 kernel: reserve setup_data: [mem 0x000000000b020000-0x00000000d6949017] usable
gru 29 21:43:44 bscnode-MS-7C91 kernel: reserve setup_data: [mem 0x00000000d6949018-0x00000000d6959057] usable
gru 29 21:43:44 bscnode-MS-7C91 kernel: reserve setup_data: [mem 0x00000000d6959058-0x00000000d695a017] usable
gru 29 21:43:44 bscnode-MS-7C91 kernel: reserve setup_data: [mem 0x00000000d695a018-0x00000000d6967857] usable
gru 29 21:43:44 bscnode-MS-7C91 kernel: reserve setup_data: [mem 0x00000000d6967858-0x00000000d6968017] usable
gru 29 21:43:44 bscnode-MS-7C91 kernel: reserve setup_data: [mem 0x00000000d6968018-0x00000000d6976057] usable
gru 29 21:43:44 bscnode-MS-7C91 kernel: reserve setup_data: [mem 0x00000000d6976058-0x00000000db0e7fff] usable
gru 29 21:43:44 bscnode-MS-7C91 kernel: reserve setup_data: [mem 0x00000000db0e8000-0x00000000db4a3fff] reserved
gru 29 21:43:44 bscnode-MS-7C91 kernel: reserve setup_data: [mem 0x00000000db4a4000-0x00000000db507fff] ACPI data
gru 29 21:43:44 bscnode-MS-7C91 kernel: reserve setup_data: [mem 0x00000000db508000-0x00000000dcc06fff] ACPI NVS
gru 29 21:43:44 bscnode-MS-7C91 kernel: reserve setup_data: [mem 0x00000000dcc07000-0x00000000ddbfefff] reserved
gru 29 21:43:44 bscnode-MS-7C91 kernel: reserve setup_data: [mem 0x00000000ddbff000-0x00000000deffffff] usable
gru 29 21:43:44 bscnode-MS-7C91 kernel: reserve setup_data: [mem 0x00000000df000000-0x00000000dfffffff] reserved
gru 29 21:43:44 bscnode-MS-7C91 kernel: reserve setup_data: [mem 0x00000000f0000000-0x00000000f7ffffff] reserved
gru 29 21:43:44 bscnode-MS-7C91 kernel: reserve setup_data: [mem 0x00000000fd200000-0x00000000fd2fffff] reserved
gru 29 21:43:44 bscnode-MS-7C91 kernel: reserve setup_data: [mem 0x00000000fd600000-0x00000000fd7fffff] reserved
gru 29 21:43:44 bscnode-MS-7C91 kernel: reserve setup_data: [mem 0x00000000fea00000-0x00000000fea0ffff] reserved
gru 29 21:43:44 bscnode-MS-7C91 kernel: reserve setup_data: [mem 0x00000000feb80000-0x00000000fec01fff] reserved
gru 29 21:43:44 bscnode-MS-7C91 kernel: reserve setup_data: [mem 0x00000000fec10000-0x00000000fec10fff] reserved
gru 29 21:43:44 bscnode-MS-7C91 kernel: reserve setup_data: [mem 0x00000000fec30000-0x00000000fec30fff] reserved
gru 29 21:43:44 bscnode-MS-7C91 kernel: reserve setup_data: [mem 0x00000000fed00000-0x00000000fed00fff] reserved
gru 29 21:43:44 bscnode-MS-7C91 kernel: reserve setup_data: [mem 0x00000000fed40000-0x00000000fed44fff] reserved
gru 29 21:43:44 bscnode-MS-7C91 kernel: reserve setup_data: [mem 0x00000000fed80000-0x00000000fed8ffff] reserved
gru 29 21:43:44 bscnode-MS-7C91 kernel: reserve setup_data: [mem 0x00000000fedc2000-0x00000000fedcffff] reserved
gru 29 21:43:44 bscnode-MS-7C91 kernel: reserve setup_data: [mem 0x00000000fedd4000-0x00000000fedd5fff] reserved
gru 29 21:43:44 bscnode-MS-7C91 kernel: reserve setup_data: [mem 0x00000000ff000000-0x00000000ffffffff] reserved
gru 29 21:43:44 bscnode-MS-7C91 kernel: reserve setup_data: [mem 0x0000000100000000-0x000000081f2fffff] usable
gru 29 21:43:44 bscnode-MS-7C91 kernel: reserve setup_data: [mem 0x000000081f300000-0x000000081fffffff] reserved
gru 29 21:43:44 bscnode-MS-7C91 kernel: efi: EFI v2.70 by American Megatrends
gru 29 21:43:44 bscnode-MS-7C91 kernel: efi: ACPI=0xdcbf0000 ACPI 2.0=0xdcbf0014 TPMFinalLog=0xdcbba000 SMBIOS=0xdda08000 MEMATTR=0xd8669198 MOKvar=0xd6b22000 RNG=0xdda04f98 TPMEventLog=0xd6977018 
gru 29 21:43:44 bscnode-MS-7C91 kernel: efi: seeding entropy pool
gru 29 21:43:44 bscnode-MS-7C91 kernel: random: crng init done
gru 29 21:43:44 bscnode-MS-7C91 kernel: secureboot: Secure boot disabled
gru 29 21:43:44 bscnode-MS-7C91 kernel: SMBIOS 2.8 present.
gru 29 21:43:44 bscnode-MS-7C91 kernel: DMI: Micro-Star International Co., Ltd. MS-7C91/MAG B550 TOMAHAWK (MS-7C91), BIOS A.80 12/16/2021
gru 29 21:43:44 bscnode-MS-7C91 kernel: tsc: Fast TSC calibration using PIT
gru 29 21:43:44 bscnode-MS-7C91 kernel: tsc: Detected 3000.008 MHz processor
gru 29 21:43:44 bscnode-MS-7C91 kernel: e820: update [mem 0x00000000-0x00000fff] usable ==> reserved
gru 29 21:43:44 bscnode-MS-7C91 kernel: e820: remove [mem 0x000a0000-0x000fffff] usable
gru 29 21:43:44 bscnode-MS-7C91 kernel: last_pfn = 0x81f300 max_arch_pfn = 0x400000000
gru 29 21:43:44 bscnode-MS-7C91 kernel: x86/PAT: Configuration [0-7]: WB  WC  UC- UC  WB  WP  UC- WT  
gru 29 21:43:44 bscnode-MS-7C91 kernel: total RAM covered: 3583M
gru 29 21:43:44 bscnode-MS-7C91 kernel: Found optimal setting for mtrr clean up
gru 29 21:43:44 bscnode-MS-7C91 kernel:  gran_size: 64K         chunk_size: 64M         num_reg: 4          lose cover RAM: 0G
gru 29 21:43:44 bscnode-MS-7C91 kernel: e820: update [mem 0xdc680000-0xdc68ffff] usable ==> reserved
gru 29 21:43:44 bscnode-MS-7C91 kernel: e820: update [mem 0xe0000000-0xffffffff] usable ==> reserved
gru 29 21:43:44 bscnode-MS-7C91 kernel: last_pfn = 0xdf000 max_arch_pfn = 0x400000000
gru 29 21:43:44 bscnode-MS-7C91 kernel: e820: update [mem 0xd6b22000-0xd6b22fff] usable ==> reserved
gru 29 21:43:44 bscnode-MS-7C91 kernel: Using GB pages for direct mapping
gru 29 21:43:44 bscnode-MS-7C91 kernel: secureboot: Secure boot disabled
gru 29 21:43:44 bscnode-MS-7C91 kernel: RAMDISK: [mem 0x38b67000-0x3c7cdfff]
gru 29 21:43:44 bscnode-MS-7C91 kernel: ACPI: Early table checksum verification disabled
gru 29 21:43:44 bscnode-MS-7C91 kernel: ACPI: RSDP 0x00000000DCBF0014 000024 (v02 ALASKA)
gru 29 21:43:44 bscnode-MS-7C91 kernel: ACPI: XSDT 0x00000000DCBEF728 0000E4 (v01 ALASKA A M I    01072009 AMI  01000013)
gru 29 21:43:44 bscnode-MS-7C91 kernel: ACPI: FACP 0x00000000DB4F9000 000114 (v06 ALASKA A M I    01072009 AMI  00010013)
gru 29 21:43:44 bscnode-MS-7C91 kernel: ACPI: DSDT 0x00000000DB4CF000 007165 (v02 ALASKA A M I    01072009 INTL 20120913)
gru 29 21:43:44 bscnode-MS-7C91 kernel: ACPI: FACS 0x00000000DCBEA000 000040
gru 29 21:43:44 bscnode-MS-7C91 kernel: ACPI: SSDT 0x00000000DB4FF000 008CFC (v02 AMD    AmdTable 00000002 MSFT 02000002)
gru 29 21:43:44 bscnode-MS-7C91 kernel: ACPI: SSDT 0x00000000DB4FB000 003B10 (v01 AMD    AMD AOD  00000001 INTL 20120913)
gru 29 21:43:44 bscnode-MS-7C91 kernel: ACPI: SSDT 0x00000000DB4FA000 000309 (v02 ALASKA CPUSSDT  01072009 AMI  01072009)
gru 29 21:43:44 bscnode-MS-7C91 kernel: ACPI: FIDT 0x00000000DB4F1000 00009C (v01 ALASKA A M I    01072009 AMI  00010013)
gru 29 21:43:44 bscnode-MS-7C91 kernel: ACPI: MCFG 0x00000000DB4F0000 00003C (v01 ALASKA A M I    01072009 MSFT 00010013)
gru 29 21:43:44 bscnode-MS-7C91 kernel: ACPI: HPET 0x00000000DB4EF000 000038 (v01 ALASKA A M I    01072009 AMI  00000005)
gru 29 21:43:44 bscnode-MS-7C91 kernel: ACPI: IVRS 0x00000000DB4EE000 0000D0 (v02 AMD    AmdTable 00000001 AMD  00000001)
gru 29 21:43:44 bscnode-MS-7C91 kernel: ACPI: TPM2 0x00000000DB4ED000 00004C (v04 ALASKA A M I    00000001 AMI  00000000)
gru 29 21:43:44 bscnode-MS-7C91 kernel: ACPI: PCCT 0x00000000DB4EC000 00006E (v02 AMD    AmdTable 00000001 AMD  00000001)
gru 29 21:43:44 bscnode-MS-7C91 kernel: ACPI: SSDT 0x00000000DB4E5000 0061A3 (v02 AMD    AmdTable 00000001 AMD  00000001)
gru 29 21:43:44 bscnode-MS-7C91 kernel: ACPI: CRAT 0x00000000DB4E3000 001118 (v01 AMD    AmdTable 00000001 AMD  00000001)
gru 29 21:43:44 bscnode-MS-7C91 kernel: ACPI: CDIT 0x00000000DB4E2000 000029 (v01 AMD    AmdTable 00000001 AMD  00000001)
gru 29 21:43:44 bscnode-MS-7C91 kernel: ACPI: BGRT 0x00000000DB4E1000 000038 (v01 ALASKA A M I    01072009 AMI  00010013)
gru 29 21:43:44 bscnode-MS-7C91 kernel: ACPI: SSDT 0x00000000DB4E0000 000259 (v01 AMD    ArticDGP 00000001 INTL 20120913)
gru 29 21:43:44 bscnode-MS-7C91 kernel: ACPI: SSDT 0x00000000DB4DE000 0010AC (v01 AMD    ArticTPX 00000001 INTL 20120913)
gru 29 21:43:44 bscnode-MS-7C91 kernel: ACPI: SSDT 0x00000000DB4DD000 00052C (v01 AMD    ArticNOI 00000001 INTL 20120913)
gru 29 21:43:44 bscnode-MS-7C91 kernel: ACPI: SSDT 0x00000000DB4D9000 0037B0 (v01 AMD    ArticN   00000001 INTL 20120913)
gru 29 21:43:44 bscnode-MS-7C91 kernel: ACPI: WSMT 0x00000000DB4D8000 000028 (v01 ALASKA A M I    01072009 AMI  00010013)
gru 29 21:43:44 bscnode-MS-7C91 kernel: ACPI: APIC 0x00000000DB4D7000 00015E (v03 ALASKA A M I    01072009 AMI  00010013)
gru 29 21:43:44 bscnode-MS-7C91 kernel: ACPI: SSDT 0x00000000DB4F8000 00007D (v01 AMD    ArticDIS 00000001 INTL 20120913)
gru 29 21:43:44 bscnode-MS-7C91 kernel: ACPI: SSDT 0x00000000DB4F6000 0010AF (v01 AMD    ArticC   00000001 INTL 20120913)
gru 29 21:43:44 bscnode-MS-7C91 kernel: ACPI: SSDT 0x00000000DB4F5000 0000BF (v01 AMD    AmdTable 00001000 INTL 20120913)
gru 29 21:43:44 bscnode-MS-7C91 kernel: ACPI: FPDT 0x00000000DB4F4000 000044 (v01 ALASKA A M I    01072009 AMI  01000013)
gru 29 21:43:44 bscnode-MS-7C91 kernel: ACPI: Reserving FACP table memory at [mem 0xdb4f9000-0xdb4f9113]
gru 29 21:43:44 bscnode-MS-7C91 kernel: ACPI: Reserving DSDT table memory at [mem 0xdb4cf000-0xdb4d6164]
gru 29 21:43:44 bscnode-MS-7C91 kernel: ACPI: Reserving FACS table memory at [mem 0xdcbea000-0xdcbea03f]
gru 29 21:43:44 bscnode-MS-7C91 kernel: ACPI: Reserving SSDT table memory at [mem 0xdb4ff000-0xdb507cfb]
gru 29 21:43:44 bscnode-MS-7C91 kernel: ACPI: Reserving SSDT table memory at [mem 0xdb4fb000-0xdb4feb0f]
gru 29 21:43:44 bscnode-MS-7C91 kernel: ACPI: Reserving SSDT table memory at [mem 0xdb4fa000-0xdb4fa308]
gru 29 21:43:44 bscnode-MS-7C91 kernel: ACPI: Reserving FIDT table memory at [mem 0xdb4f1000-0xdb4f109b]
gru 29 21:43:44 bscnode-MS-7C91 kernel: ACPI: Reserving MCFG table memory at [mem 0xdb4f0000-0xdb4f003b]
gru 29 21:43:44 bscnode-MS-7C91 kernel: ACPI: Reserving HPET table memory at [mem 0xdb4ef000-0xdb4ef037]
gru 29 21:43:44 bscnode-MS-7C91 kernel: ACPI: Reserving IVRS table memory at [mem 0xdb4ee000-0xdb4ee0cf]
gru 29 21:43:44 bscnode-MS-7C91 kernel: ACPI: Reserving TPM2 table memory at [mem 0xdb4ed000-0xdb4ed04b]
gru 29 21:43:44 bscnode-MS-7C91 kernel: ACPI: Reserving PCCT table memory at [mem 0xdb4ec000-0xdb4ec06d]
gru 29 21:43:44 bscnode-MS-7C91 kernel: ACPI: Reserving SSDT table memory at [mem 0xdb4e5000-0xdb4eb1a2]
gru 29 21:43:44 bscnode-MS-7C91 kernel: ACPI: Reserving CRAT table memory at [mem 0xdb4e3000-0xdb4e4117]
gru 29 21:43:44 bscnode-MS-7C91 kernel: ACPI: Reserving CDIT table memory at [mem 0xdb4e2000-0xdb4e2028]
gru 29 21:43:44 bscnode-MS-7C91 kernel: ACPI: Reserving BGRT table memory at [mem 0xdb4e1000-0xdb4e1037]
gru 29 21:43:44 bscnode-MS-7C91 kernel: ACPI: Reserving SSDT table memory at [mem 0xdb4e0000-0xdb4e0258]
gru 29 21:43:44 bscnode-MS-7C91 kernel: ACPI: Reserving SSDT table memory at [mem 0xdb4de000-0xdb4df0ab]
gru 29 21:43:44 bscnode-MS-7C91 kernel: ACPI: Reserving SSDT table memory at [mem 0xdb4dd000-0xdb4dd52b]
gru 29 21:43:44 bscnode-MS-7C91 kernel: ACPI: Reserving SSDT table memory at [mem 0xdb4d9000-0xdb4dc7af]
gru 29 21:43:44 bscnode-MS-7C91 kernel: ACPI: Reserving WSMT table memory at [mem 0xdb4d8000-0xdb4d8027]
gru 29 21:43:44 bscnode-MS-7C91 kernel: ACPI: Reserving APIC table memory at [mem 0xdb4d7000-0xdb4d715d]
gru 29 21:43:44 bscnode-MS-7C91 kernel: ACPI: Reserving SSDT table memory at [mem 0xdb4f8000-0xdb4f807c]
gru 29 21:43:44 bscnode-MS-7C91 kernel: ACPI: Reserving SSDT table memory at [mem 0xdb4f6000-0xdb4f70ae]
gru 29 21:43:44 bscnode-MS-7C91 kernel: ACPI: Reserving SSDT table memory at [mem 0xdb4f5000-0xdb4f50be]
gru 29 21:43:44 bscnode-MS-7C91 kernel: ACPI: Reserving FPDT table memory at [mem 0xdb4f4000-0xdb4f4043]
gru 29 21:43:44 bscnode-MS-7C91 kernel: No NUMA configuration found
gru 29 21:43:44 bscnode-MS-7C91 kernel: Faking a node at [mem 0x0000000000000000-0x000000081f2fffff]
gru 29 21:43:44 bscnode-MS-7C91 kernel: NODE_DATA(0) allocated [mem 0x81f2d6000-0x81f2fffff]
gru 29 21:43:44 bscnode-MS-7C91 kernel: Zone ranges:
gru 29 21:43:44 bscnode-MS-7C91 kernel:   DMA      [mem 0x0000000000001000-0x0000000000ffffff]
gru 29 21:43:44 bscnode-MS-7C91 kernel:   DMA32    [mem 0x0000000001000000-0x00000000ffffffff]
gru 29 21:43:44 bscnode-MS-7C91 kernel:   Normal   [mem 0x0000000100000000-0x000000081f2fffff]
gru 29 21:43:44 bscnode-MS-7C91 kernel:   Device   empty
gru 29 21:43:44 bscnode-MS-7C91 kernel: Movable zone start for each node
gru 29 21:43:44 bscnode-MS-7C91 kernel: Early memory node ranges
gru 29 21:43:44 bscnode-MS-7C91 kernel:   node   0: [mem 0x0000000000001000-0x000000000009ffff]
gru 29 21:43:44 bscnode-MS-7C91 kernel:   node   0: [mem 0x0000000000100000-0x0000000009e01fff]
gru 29 21:43:44 bscnode-MS-7C91 kernel:   node   0: [mem 0x000000000a000000-0x000000000a1fffff]
gru 29 21:43:44 bscnode-MS-7C91 kernel:   node   0: [mem 0x000000000a20e000-0x000000000affffff]
gru 29 21:43:44 bscnode-MS-7C91 kernel:   node   0: [mem 0x000000000b020000-0x00000000db0e7fff]
gru 29 21:43:44 bscnode-MS-7C91 kernel:   node   0: [mem 0x00000000ddbff000-0x00000000deffffff]
gru 29 21:43:44 bscnode-MS-7C91 kernel:   node   0: [mem 0x0000000100000000-0x000000081f2fffff]
gru 29 21:43:44 bscnode-MS-7C91 kernel: Initmem setup node 0 [mem 0x0000000000001000-0x000000081f2fffff]
gru 29 21:43:44 bscnode-MS-7C91 kernel: On node 0, zone DMA: 1 pages in unavailable ranges
gru 29 21:43:44 bscnode-MS-7C91 kernel: On node 0, zone DMA: 96 pages in unavailable ranges
gru 29 21:43:44 bscnode-MS-7C91 kernel: On node 0, zone DMA32: 510 pages in unavailable ranges
gru 29 21:43:44 bscnode-MS-7C91 kernel: On node 0, zone DMA32: 14 pages in unavailable ranges
gru 29 21:43:44 bscnode-MS-7C91 kernel: On node 0, zone DMA32: 32 pages in unavailable ranges
gru 29 21:43:44 bscnode-MS-7C91 kernel: On node 0, zone DMA32: 11031 pages in unavailable ranges
gru 29 21:43:44 bscnode-MS-7C91 kernel: On node 0, zone Normal: 4096 pages in unavailable ranges
gru 29 21:43:44 bscnode-MS-7C91 kernel: On node 0, zone Normal: 3328 pages in unavailable ranges
gru 29 21:43:44 bscnode-MS-7C91 kernel: ACPI: PM-Timer IO Port: 0x808
gru 29 21:43:44 bscnode-MS-7C91 kernel: ACPI: LAPIC_NMI (acpi_id[0xff] high edge lint[0x1])
gru 29 21:43:44 bscnode-MS-7C91 kernel: IOAPIC[0]: apic_id 25, version 33, address 0xfec00000, GSI 0-23
gru 29 21:43:44 bscnode-MS-7C91 kernel: IOAPIC[1]: apic_id 26, version 33, address 0xfec01000, GSI 24-55
gru 29 21:43:44 bscnode-MS-7C91 kernel: ACPI: INT_SRC_OVR (bus 0 bus_irq 0 global_irq 2 dfl dfl)
gru 29 21:43:44 bscnode-MS-7C91 kernel: ACPI: INT_SRC_OVR (bus 0 bus_irq 9 global_irq 9 low level)
gru 29 21:43:44 bscnode-MS-7C91 kernel: ACPI: Using ACPI (MADT) for SMP configuration information
gru 29 21:43:44 bscnode-MS-7C91 kernel: ACPI: HPET id: 0x10228201 base: 0xfed00000
gru 29 21:43:44 bscnode-MS-7C91 kernel: e820: update [mem 0xd6ac3000-0xd6b1ffff] usable ==> reserved
gru 29 21:43:44 bscnode-MS-7C91 kernel: smpboot: Allowing 32 CPUs, 8 hotplug CPUs
gru 29 21:43:44 bscnode-MS-7C91 kernel: PM: hibernation: Registered nosave memory: [mem 0x00000000-0x00000fff]
gru 29 21:43:44 bscnode-MS-7C91 kernel: PM: hibernation: Registered nosave memory: [mem 0x000a0000-0x000fffff]
gru 29 21:43:44 bscnode-MS-7C91 kernel: PM: hibernation: Registered nosave memory: [mem 0x09e02000-0x09ffffff]
gru 29 21:43:44 bscnode-MS-7C91 kernel: PM: hibernation: Registered nosave memory: [mem 0x0a200000-0x0a20dfff]
gru 29 21:43:44 bscnode-MS-7C91 kernel: PM: hibernation: Registered nosave memory: [mem 0x0b000000-0x0b01ffff]
gru 29 21:43:44 bscnode-MS-7C91 kernel: PM: hibernation: Registered nosave memory: [mem 0xd6949000-0xd6949fff]
gru 29 21:43:44 bscnode-MS-7C91 kernel: PM: hibernation: Registered nosave memory: [mem 0xd6959000-0xd6959fff]
gru 29 21:43:44 bscnode-MS-7C91 kernel: PM: hibernation: Registered nosave memory: [mem 0xd695a000-0xd695afff]
gru 29 21:43:44 bscnode-MS-7C91 kernel: PM: hibernation: Registered nosave memory: [mem 0xd6967000-0xd6967fff]
gru 29 21:43:44 bscnode-MS-7C91 kernel: PM: hibernation: Registered nosave memory: [mem 0xd6968000-0xd6968fff]
gru 29 21:43:44 bscnode-MS-7C91 kernel: PM: hibernation: Registered nosave memory: [mem 0xd6976000-0xd6976fff]
gru 29 21:43:44 bscnode-MS-7C91 kernel: PM: hibernation: Registered nosave memory: [mem 0xd6ac3000-0xd6b1ffff]
gru 29 21:43:44 bscnode-MS-7C91 kernel: PM: hibernation: Registered nosave memory: [mem 0xd6b22000-0xd6b22fff]
gru 29 21:43:44 bscnode-MS-7C91 kernel: PM: hibernation: Registered nosave memory: [mem 0xdb0e8000-0xdb4a3fff]
gru 29 21:43:44 bscnode-MS-7C91 kernel: PM: hibernation: Registered nosave memory: [mem 0xdb4a4000-0xdb507fff]
gru 29 21:43:44 bscnode-MS-7C91 kernel: PM: hibernation: Registered nosave memory: [mem 0xdb508000-0xdcc06fff]
gru 29 21:43:44 bscnode-MS-7C91 kernel: PM: hibernation: Registered nosave memory: [mem 0xdcc07000-0xddbfefff]
gru 29 21:43:44 bscnode-MS-7C91 kernel: PM: hibernation: Registered nosave memory: [mem 0xdf000000-0xdfffffff]
gru 29 21:43:44 bscnode-MS-7C91 kernel: PM: hibernation: Registered nosave memory: [mem 0xe0000000-0xefffffff]
gru 29 21:43:44 bscnode-MS-7C91 kernel: PM: hibernation: Registered nosave memory: [mem 0xf0000000-0xf7ffffff]
gru 29 21:43:44 bscnode-MS-7C91 kernel: PM: hibernation: Registered nosave memory: [mem 0xf8000000-0xfd1fffff]
gru 29 21:43:44 bscnode-MS-7C91 kernel: PM: hibernation: Registered nosave memory: [mem 0xfd200000-0xfd2fffff]
gru 29 21:43:44 bscnode-MS-7C91 kernel: PM: hibernation: Registered nosave memory: [mem 0xfd300000-0xfd5fffff]
gru 29 21:43:44 bscnode-MS-7C91 kernel: PM: hibernation: Registered nosave memory: [mem 0xfd600000-0xfd7fffff]
gru 29 21:43:44 bscnode-MS-7C91 kernel: PM: hibernation: Registered nosave memory: [mem 0xfd800000-0xfe9fffff]
gru 29 21:43:44 bscnode-MS-7C91 kernel: PM: hibernation: Registered nosave memory: [mem 0xfea00000-0xfea0ffff]
gru 29 21:43:44 bscnode-MS-7C91 kernel: PM: hibernation: Registered nosave memory: [mem 0xfea10000-0xfeb7ffff]
gru 29 21:43:44 bscnode-MS-7C91 kernel: PM: hibernation: Registered nosave memory: [mem 0xfeb80000-0xfec01fff]
gru 29 21:43:44 bscnode-MS-7C91 kernel: PM: hibernation: Registered nosave memory: [mem 0xfec02000-0xfec0ffff]
gru 29 21:43:44 bscnode-MS-7C91 kernel: PM: hibernation: Registered nosave memory: [mem 0xfec10000-0xfec10fff]
gru 29 21:43:44 bscnode-MS-7C91 kernel: PM: hibernation: Registered nosave memory: [mem 0xfec11000-0xfec2ffff]
gru 29 21:43:44 bscnode-MS-7C91 kernel: PM: hibernation: Registered nosave memory: [mem 0xfec30000-0xfec30fff]
gru 29 21:43:44 bscnode-MS-7C91 kernel: PM: hibernation: Registered nosave memory: [mem 0xfec31000-0xfecfffff]
gru 29 21:43:44 bscnode-MS-7C91 kernel: PM: hibernation: Registered nosave memory: [mem 0xfed00000-0xfed00fff]
gru 29 21:43:44 bscnode-MS-7C91 kernel: PM: hibernation: Registered nosave memory: [mem 0xfed01000-0xfed3ffff]
gru 29 21:43:44 bscnode-MS-7C91 kernel: PM: hibernation: Registered nosave memory: [mem 0xfed40000-0xfed44fff]
gru 29 21:43:44 bscnode-MS-7C91 kernel: PM: hibernation: Registered nosave memory: [mem 0xfed45000-0xfed7ffff]
gru 29 21:43:44 bscnode-MS-7C91 kernel: PM: hibernation: Registered nosave memory: [mem 0xfed80000-0xfed8ffff]
gru 29 21:43:44 bscnode-MS-7C91 kernel: PM: hibernation: Registered nosave memory: [mem 0xfed90000-0xfedc1fff]
gru 29 21:43:44 bscnode-MS-7C91 kernel: PM: hibernation: Registered nosave memory: [mem 0xfedc2000-0xfedcffff]
gru 29 21:43:44 bscnode-MS-7C91 kernel: PM: hibernation: Registered nosave memory: [mem 0xfedd0000-0xfedd3fff]
gru 29 21:43:44 bscnode-MS-7C91 kernel: PM: hibernation: Registered nosave memory: [mem 0xfedd4000-0xfedd5fff]
gru 29 21:43:44 bscnode-MS-7C91 kernel: PM: hibernation: Registered nosave memory: [mem 0xfedd6000-0xfeffffff]
gru 29 21:43:44 bscnode-MS-7C91 kernel: PM: hibernation: Registered nosave memory: [mem 0xff000000-0xffffffff]
gru 29 21:43:44 bscnode-MS-7C91 kernel: [mem 0xe0000000-0xefffffff] available for PCI devices
gru 29 21:43:44 bscnode-MS-7C91 kernel: Booting paravirtualized kernel on bare hardware
gru 29 21:43:44 bscnode-MS-7C91 kernel: clocksource: refined-jiffies: mask: 0xffffffff max_cycles: 0xffffffff, max_idle_ns: 7645519600211568 ns
gru 29 21:43:44 bscnode-MS-7C91 kernel: setup_percpu: NR_CPUS:8192 nr_cpumask_bits:32 nr_cpu_ids:32 nr_node_ids:1
gru 29 21:43:44 bscnode-MS-7C91 kernel: percpu: Embedded 60 pages/cpu s208896 r8192 d28672 u262144
gru 29 21:43:44 bscnode-MS-7C91 kernel: pcpu-alloc: s208896 r8192 d28672 u262144 alloc=1*2097152
gru 29 21:43:44 bscnode-MS-7C91 kernel: pcpu-alloc: [0] 00 01 02 03 04 05 06 07 [0] 08 09 10 11 12 13 14 15 
gru 29 21:43:44 bscnode-MS-7C91 kernel: pcpu-alloc: [0] 16 17 18 19 20 21 22 23 [0] 24 25 26 27 28 29 30 31 
gru 29 21:43:44 bscnode-MS-7C91 kernel: Built 1 zonelists, mobility grouping on.  Total pages: 8238566
gru 29 21:43:44 bscnode-MS-7C91 kernel: Policy zone: Normal
gru 29 21:43:44 bscnode-MS-7C91 kernel: Kernel command line: BOOT_IMAGE=/vmlinuz-5.15.0-56-generic root=UUID=e3d1fba6-f9ab-4e88-afe1-c0c3fa4c9c72 ro quiet splash vt.handoff=7
gru 29 21:43:44 bscnode-MS-7C91 kernel: Unknown kernel command line parameters "splash BOOT_IMAGE=/vmlinuz-5.15.0-56-generic", will be passed to user space.
gru 29 21:43:44 bscnode-MS-7C91 kernel: Dentry cache hash table entries: 4194304 (order: 13, 33554432 bytes, linear)
gru 29 21:43:44 bscnode-MS-7C91 kernel: Inode-cache hash table entries: 2097152 (order: 12, 16777216 bytes, linear)
gru 29 21:43:44 bscnode-MS-7C91 kernel: mem auto-init: stack:off, heap alloc:on, heap free:off
gru 29 21:43:44 bscnode-MS-7C91 kernel: Memory: 32630760K/33478000K available (16393K kernel code, 4378K rwdata, 10812K rodata, 3232K init, 6568K bss, 846980K reserved, 0K cma-reserved)
gru 29 21:43:44 bscnode-MS-7C91 kernel: SLUB: HWalign=64, Order=0-3, MinObjects=0, CPUs=32, Nodes=1
gru 29 21:43:44 bscnode-MS-7C91 kernel: ftrace: allocating 50523 entries in 198 pages
gru 29 21:43:44 bscnode-MS-7C91 kernel: ftrace: allocated 198 pages with 4 groups
gru 29 21:43:44 bscnode-MS-7C91 kernel: rcu: Hierarchical RCU implementation.
gru 29 21:43:44 bscnode-MS-7C91 kernel: rcu:         RCU restricting CPUs from NR_CPUS=8192 to nr_cpu_ids=32.
gru 29 21:43:44 bscnode-MS-7C91 kernel:         Rude variant of Tasks RCU enabled.
gru 29 21:43:44 bscnode-MS-7C91 kernel:         Tracing variant of Tasks RCU enabled.
gru 29 21:43:44 bscnode-MS-7C91 kernel: rcu: RCU calculated value of scheduler-enlistment delay is 25 jiffies.
gru 29 21:43:44 bscnode-MS-7C91 kernel: rcu: Adjusting geometry for rcu_fanout_leaf=16, nr_cpu_ids=32
gru 29 21:43:44 bscnode-MS-7C91 kernel: NR_IRQS: 524544, nr_irqs: 1224, preallocated irqs: 16
gru 29 21:43:44 bscnode-MS-7C91 kernel: Console: colour dummy device 80x25
gru 29 21:43:44 bscnode-MS-7C91 kernel: printk: console [tty0] enabled
gru 29 21:43:44 bscnode-MS-7C91 kernel: ACPI: Core revision 20210730
gru 29 21:43:44 bscnode-MS-7C91 kernel: clocksource: hpet: mask: 0xffffffff max_cycles: 0xffffffff, max_idle_ns: 133484873504 ns
gru 29 21:43:44 bscnode-MS-7C91 kernel: APIC: Switch to symmetric I/O mode setup
gru 29 21:43:44 bscnode-MS-7C91 kernel: x2apic: IRQ remapping doesn't support X2APIC mode
gru 29 21:43:44 bscnode-MS-7C91 kernel: Switched APIC routing to physical flat.
gru 29 21:43:44 bscnode-MS-7C91 kernel: ..TIMER: vector=0x30 apic1=0 pin1=2 apic2=-1 pin2=-1
gru 29 21:43:44 bscnode-MS-7C91 kernel: clocksource: tsc-early: mask: 0xffffffffffffffff max_cycles: 0x2b3e4d5ed05, max_idle_ns: 440795345741 ns
gru 29 21:43:44 bscnode-MS-7C91 kernel: Calibrating delay loop (skipped), value calculated using timer frequency.. 6000.01 BogoMIPS (lpj=12000032)
gru 29 21:43:44 bscnode-MS-7C91 kernel: pid_max: default: 32768 minimum: 301
gru 29 21:43:44 bscnode-MS-7C91 kernel: LSM: Security Framework initializing
gru 29 21:43:44 bscnode-MS-7C91 kernel: landlock: Up and running.
gru 29 21:43:44 bscnode-MS-7C91 kernel: Yama: becoming mindful.
gru 29 21:43:44 bscnode-MS-7C91 kernel: AppArmor: AppArmor initialized
gru 29 21:43:44 bscnode-MS-7C91 kernel: Mount-cache hash table entries: 65536 (order: 7, 524288 bytes, linear)
gru 29 21:43:44 bscnode-MS-7C91 kernel: Mountpoint-cache hash table entries: 65536 (order: 7, 524288 bytes, linear)
gru 29 21:43:44 bscnode-MS-7C91 kernel: x86/cpu: User Mode Instruction Prevention (UMIP) activated
gru 29 21:43:44 bscnode-MS-7C91 kernel: LVT offset 1 assigned for vector 0xf9
gru 29 21:43:44 bscnode-MS-7C91 kernel: LVT offset 2 assigned for vector 0xf4
gru 29 21:43:44 bscnode-MS-7C91 kernel: Last level iTLB entries: 4KB 512, 2MB 512, 4MB 256
gru 29 21:43:44 bscnode-MS-7C91 kernel: Last level dTLB entries: 4KB 2048, 2MB 2048, 4MB 1024, 1GB 0
gru 29 21:43:44 bscnode-MS-7C91 kernel: Spectre V1 : Mitigation: usercopy/swapgs barriers and __user pointer sanitization
gru 29 21:43:44 bscnode-MS-7C91 kernel: Spectre V2 : Mitigation: Retpolines
gru 29 21:43:44 bscnode-MS-7C91 kernel: Spectre V2 : Spectre v2 / SpectreRSB mitigation: Filling RSB on context switch
gru 29 21:43:44 bscnode-MS-7C91 kernel: Spectre V2 : Spectre v2 / SpectreRSB : Filling RSB on VMEXIT
gru 29 21:43:44 bscnode-MS-7C91 kernel: Spectre V2 : Enabling Restricted Speculation for firmware calls
gru 29 21:43:44 bscnode-MS-7C91 kernel: Spectre V2 : mitigation: Enabling conditional Indirect Branch Prediction Barrier
gru 29 21:43:44 bscnode-MS-7C91 kernel: Spectre V2 : User space: Mitigation: STIBP always-on protection
gru 29 21:43:44 bscnode-MS-7C91 kernel: Speculative Store Bypass: Mitigation: Speculative Store Bypass disabled via prctl and seccomp
gru 29 21:43:44 bscnode-MS-7C91 kernel: Freeing SMP alternatives memory: 40K
gru 29 21:43:44 bscnode-MS-7C91 kernel: smpboot: CPU0: AMD Ryzen 9 5900 12-Core Processor (family: 0x19, model: 0x21, stepping: 0x0)
gru 29 21:43:44 bscnode-MS-7C91 kernel: Performance Events: Fam17h+ core perfctr, AMD PMU driver.
gru 29 21:43:44 bscnode-MS-7C91 kernel: ... version:                0
gru 29 21:43:44 bscnode-MS-7C91 kernel: ... bit width:              48
gru 29 21:43:44 bscnode-MS-7C91 kernel: ... generic registers:      6
gru 29 21:43:44 bscnode-MS-7C91 kernel: ... value mask:             0000ffffffffffff
gru 29 21:43:44 bscnode-MS-7C91 kernel: ... max period:             00007fffffffffff
gru 29 21:43:44 bscnode-MS-7C91 kernel: ... fixed-purpose events:   0
gru 29 21:43:44 bscnode-MS-7C91 kernel: ... event mask:             000000000000003f
gru 29 21:43:44 bscnode-MS-7C91 kernel: rcu: Hierarchical SRCU implementation.
gru 29 21:43:44 bscnode-MS-7C91 kernel: NMI watchdog: Enabled. Permanently consumes one hw-PMU counter.
gru 29 21:43:44 bscnode-MS-7C91 kernel: smp: Bringing up secondary CPUs ...
gru 29 21:43:44 bscnode-MS-7C91 kernel: x86: Booting SMP configuration:
gru 29 21:43:44 bscnode-MS-7C91 kernel: .... node  #0, CPUs:        #1  #2  #3  #4  #5  #6  #7  #8  #9 #10 #11 #12
gru 29 21:43:44 bscnode-MS-7C91 kernel: Spectre V2 : Update user space SMT mitigation: STIBP always-on
gru 29 21:43:44 bscnode-MS-7C91 kernel:  #13 #14 #15 #16 #17 #18 #19 #20 #21 #22 #23
gru 29 21:43:44 bscnode-MS-7C91 kernel: smp: Brought up 1 node, 24 CPUs
gru 29 21:43:44 bscnode-MS-7C91 kernel: smpboot: Max logical packages: 2
gru 29 21:43:44 bscnode-MS-7C91 kernel: smpboot: Total of 24 processors activated (144000.38 BogoMIPS)
gru 29 21:43:44 bscnode-MS-7C91 kernel: devtmpfs: initialized
gru 29 21:43:44 bscnode-MS-7C91 kernel: x86/mm: Memory block size: 128MB
gru 29 21:43:44 bscnode-MS-7C91 kernel: ACPI: PM: Registering ACPI NVS region [mem 0x0a200000-0x0a20dfff] (57344 bytes)
gru 29 21:43:44 bscnode-MS-7C91 kernel: ACPI: PM: Registering ACPI NVS region [mem 0xdb508000-0xdcc06fff] (24113152 bytes)
gru 29 21:43:44 bscnode-MS-7C91 kernel: clocksource: jiffies: mask: 0xffffffff max_cycles: 0xffffffff, max_idle_ns: 7645041785100000 ns
gru 29 21:43:44 bscnode-MS-7C91 kernel: futex hash table entries: 8192 (order: 7, 524288 bytes, linear)
gru 29 21:43:44 bscnode-MS-7C91 kernel: pinctrl core: initialized pinctrl subsystem
gru 29 21:43:44 bscnode-MS-7C91 kernel: PM: RTC time: 20:43:40, date: 2022-12-29
gru 29 21:43:44 bscnode-MS-7C91 kernel: NET: Registered PF_NETLINK/PF_ROUTE protocol family
gru 29 21:43:44 bscnode-MS-7C91 kernel: DMA: preallocated 4096 KiB GFP_KERNEL pool for atomic allocations
gru 29 21:43:44 bscnode-MS-7C91 kernel: DMA: preallocated 4096 KiB GFP_KERNEL|GFP_DMA pool for atomic allocations
gru 29 21:43:44 bscnode-MS-7C91 kernel: DMA: preallocated 4096 KiB GFP_KERNEL|GFP_DMA32 pool for atomic allocations
gru 29 21:43:44 bscnode-MS-7C91 kernel: audit: initializing netlink subsys (disabled)
gru 29 21:43:44 bscnode-MS-7C91 kernel: audit: type=2000 audit(1672346620.204:1): state=initialized audit_enabled=0 res=1
gru 29 21:43:44 bscnode-MS-7C91 kernel: thermal_sys: Registered thermal governor 'fair_share'
gru 29 21:43:44 bscnode-MS-7C91 kernel: thermal_sys: Registered thermal governor 'bang_bang'
gru 29 21:43:44 bscnode-MS-7C91 kernel: thermal_sys: Registered thermal governor 'step_wise'
gru 29 21:43:44 bscnode-MS-7C91 kernel: thermal_sys: Registered thermal governor 'user_space'
gru 29 21:43:44 bscnode-MS-7C91 kernel: thermal_sys: Registered thermal governor 'power_allocator'
gru 29 21:43:44 bscnode-MS-7C91 kernel: EISA bus registered
gru 29 21:43:44 bscnode-MS-7C91 kernel: cpuidle: using governor ladder
gru 29 21:43:44 bscnode-MS-7C91 kernel: cpuidle: using governor menu
gru 29 21:43:44 bscnode-MS-7C91 kernel: Detected 1 PCC Subspaces
gru 29 21:43:44 bscnode-MS-7C91 kernel: Registering PCC driver as Mailbox controller
gru 29 21:43:44 bscnode-MS-7C91 kernel: ACPI: bus type PCI registered
gru 29 21:43:44 bscnode-MS-7C91 kernel: acpiphp: ACPI Hot Plug PCI Controller Driver version: 0.5
gru 29 21:43:44 bscnode-MS-7C91 kernel: PCI: MMCONFIG for domain 0000 [bus 00-7f] at [mem 0xf0000000-0xf7ffffff] (base 0xf0000000)
gru 29 21:43:44 bscnode-MS-7C91 kernel: PCI: MMCONFIG at [mem 0xf0000000-0xf7ffffff] reserved in E820
gru 29 21:43:44 bscnode-MS-7C91 kernel: PCI: Using configuration type 1 for base access
gru 29 21:43:44 bscnode-MS-7C91 kernel: Kprobes globally optimized
gru 29 21:43:44 bscnode-MS-7C91 kernel: HugeTLB registered 1.00 GiB page size, pre-allocated 0 pages
gru 29 21:43:44 bscnode-MS-7C91 kernel: HugeTLB registered 2.00 MiB page size, pre-allocated 0 pages
gru 29 21:43:44 bscnode-MS-7C91 kernel: ACPI: Added _OSI(Module Device)
gru 29 21:43:44 bscnode-MS-7C91 kernel: ACPI: Added _OSI(Processor Device)
gru 29 21:43:44 bscnode-MS-7C91 kernel: ACPI: Added _OSI(3.0 _SCP Extensions)
gru 29 21:43:44 bscnode-MS-7C91 kernel: ACPI: Added _OSI(Processor Aggregator Device)
gru 29 21:43:44 bscnode-MS-7C91 kernel: ACPI: Added _OSI(Linux-Dell-Video)
gru 29 21:43:44 bscnode-MS-7C91 kernel: ACPI: Added _OSI(Linux-Lenovo-NV-HDMI-Audio)
gru 29 21:43:44 bscnode-MS-7C91 kernel: ACPI: Added _OSI(Linux-HPI-Hybrid-Graphics)
gru 29 21:43:44 bscnode-MS-7C91 kernel: ACPI: 12 ACPI AML tables successfully acquired and loaded
gru 29 21:43:44 bscnode-MS-7C91 kernel: ACPI: [Firmware Bug]: BIOS _OSI(Linux) query ignored
gru 29 21:43:44 bscnode-MS-7C91 kernel: ACPI: Interpreter enabled
gru 29 21:43:44 bscnode-MS-7C91 kernel: ACPI: PM: (supports S0 S3 S4 S5)
gru 29 21:43:44 bscnode-MS-7C91 kernel: ACPI: Using IOAPIC for interrupt routing
gru 29 21:43:44 bscnode-MS-7C91 kernel: PCI: Using host bridge windows from ACPI; if necessary, use "pci=nocrs" and report a bug
gru 29 21:43:44 bscnode-MS-7C91 kernel: PCI: Using E820 reservations for host bridge windows
gru 29 21:43:44 bscnode-MS-7C91 kernel: ACPI: Enabled 9 GPEs in block 00 to 1F
gru 29 21:43:44 bscnode-MS-7C91 kernel: ACPI: PCI Root Bridge [PCI0] (domain 0000 [bus 00-ff])
gru 29 21:43:44 bscnode-MS-7C91 kernel: acpi PNP0A08:00: _OSC: OS supports [ExtendedConfig ASPM ClockPM Segments MSI EDR HPX-Type3]
gru 29 21:43:44 bscnode-MS-7C91 kernel: acpi PNP0A08:00: _OSC: platform does not support [SHPCHotplug PME LTR DPC]
gru 29 21:43:44 bscnode-MS-7C91 kernel: acpi PNP0A08:00: _OSC: OS now controls [PCIeHotplug AER PCIeCapability]
gru 29 21:43:44 bscnode-MS-7C91 kernel: acpi PNP0A08:00: [Firmware Info]: MMCONFIG for domain 0000 [bus 00-7f] only partially covers this bridge
gru 29 21:43:44 bscnode-MS-7C91 kernel: PCI host bridge to bus 0000:00
gru 29 21:43:44 bscnode-MS-7C91 kernel: pci_bus 0000:00: root bus resource [bus 00-ff]
gru 29 21:43:44 bscnode-MS-7C91 kernel: pci_bus 0000:00: root bus resource [io  0x0000-0x0cf7 window]
gru 29 21:43:44 bscnode-MS-7C91 kernel: pci_bus 0000:00: root bus resource [io  0x0d00-0xffff window]
gru 29 21:43:44 bscnode-MS-7C91 kernel: pci_bus 0000:00: root bus resource [mem 0x000a0000-0x000dffff window]
gru 29 21:43:44 bscnode-MS-7C91 kernel: pci_bus 0000:00: root bus resource [mem 0xe0000000-0xfec2ffff window]
gru 29 21:43:44 bscnode-MS-7C91 kernel: pci_bus 0000:00: root bus resource [mem 0xfee00000-0xffffffff window]
gru 29 21:43:44 bscnode-MS-7C91 kernel: pci 0000:00:00.0: [1022:1480] type 00 class 0x060000
gru 29 21:43:44 bscnode-MS-7C91 kernel: pci 0000:00:00.2: [1022:1481] type 00 class 0x080600
gru 29 21:43:44 bscnode-MS-7C91 kernel: pci 0000:00:01.0: [1022:1482] type 00 class 0x060000
gru 29 21:43:44 bscnode-MS-7C91 kernel: pci 0000:00:01.1: [1022:1483] type 01 class 0x060400
gru 29 21:43:44 bscnode-MS-7C91 kernel: pci 0000:00:01.1: enabling Extended Tags
gru 29 21:43:44 bscnode-MS-7C91 kernel: pci 0000:00:01.1: PME# supported from D0 D3hot D3cold
gru 29 21:43:44 bscnode-MS-7C91 kernel: pci 0000:00:01.2: [1022:1483] type 01 class 0x060400
gru 29 21:43:44 bscnode-MS-7C91 kernel: pci 0000:00:01.2: enabling Extended Tags
gru 29 21:43:44 bscnode-MS-7C91 kernel: pci 0000:00:01.2: PME# supported from D0 D3hot D3cold
gru 29 21:43:44 bscnode-MS-7C91 kernel: pci 0000:00:02.0: [1022:1482] type 00 class 0x060000
gru 29 21:43:44 bscnode-MS-7C91 kernel: pci 0000:00:03.0: [1022:1482] type 00 class 0x060000
gru 29 21:43:44 bscnode-MS-7C91 kernel: pci 0000:00:03.1: [1022:1483] type 01 class 0x060400
gru 29 21:43:44 bscnode-MS-7C91 kernel: pci 0000:00:03.1: PME# supported from D0 D3hot D3cold
gru 29 21:43:44 bscnode-MS-7C91 kernel: pci 0000:00:04.0: [1022:1482] type 00 class 0x060000
gru 29 21:43:44 bscnode-MS-7C91 kernel: pci 0000:00:05.0: [1022:1482] type 00 class 0x060000
gru 29 21:43:44 bscnode-MS-7C91 kernel: pci 0000:00:07.0: [1022:1482] type 00 class 0x060000
gru 29 21:43:44 bscnode-MS-7C91 kernel: pci 0000:00:07.1: [1022:1484] type 01 class 0x060400
gru 29 21:43:44 bscnode-MS-7C91 kernel: pci 0000:00:07.1: enabling Extended Tags
gru 29 21:43:44 bscnode-MS-7C91 kernel: pci 0000:00:07.1: PME# supported from D0 D3hot D3cold
gru 29 21:43:44 bscnode-MS-7C91 kernel: pci 0000:00:08.0: [1022:1482] type 00 class 0x060000
gru 29 21:43:44 bscnode-MS-7C91 kernel: pci 0000:00:08.1: [1022:1484] type 01 class 0x060400
gru 29 21:43:44 bscnode-MS-7C91 kernel: pci 0000:00:08.1: enabling Extended Tags
gru 29 21:43:44 bscnode-MS-7C91 kernel: pci 0000:00:08.1: PME# supported from D0 D3hot D3cold
gru 29 21:43:44 bscnode-MS-7C91 kernel: pci 0000:00:14.0: [1022:790b] type 00 class 0x0c0500
gru 29 21:43:44 bscnode-MS-7C91 kernel: pci 0000:00:14.3: [1022:790e] type 00 class 0x060100
gru 29 21:43:44 bscnode-MS-7C91 kernel: pci 0000:00:18.0: [1022:1440] type 00 class 0x060000
gru 29 21:43:44 bscnode-MS-7C91 kernel: pci 0000:00:18.1: [1022:1441] type 00 class 0x060000
gru 29 21:43:44 bscnode-MS-7C91 kernel: pci 0000:00:18.2: [1022:1442] type 00 class 0x060000
gru 29 21:43:44 bscnode-MS-7C91 kernel: pci 0000:00:18.3: [1022:1443] type 00 class 0x060000
gru 29 21:43:44 bscnode-MS-7C91 kernel: pci 0000:00:18.4: [1022:1444] type 00 class 0x060000
gru 29 21:43:44 bscnode-MS-7C91 kernel: pci 0000:00:18.5: [1022:1445] type 00 class 0x060000
gru 29 21:43:44 bscnode-MS-7C91 kernel: pci 0000:00:18.6: [1022:1446] type 00 class 0x060000
gru 29 21:43:44 bscnode-MS-7C91 kernel: pci 0000:00:18.7: [1022:1447] type 00 class 0x060000
gru 29 21:43:44 bscnode-MS-7C91 kernel: pci 0000:01:00.0: [144d:a808] type 00 class 0x010802
gru 29 21:43:44 bscnode-MS-7C91 kernel: pci 0000:01:00.0: reg 0x10: [mem 0xfcea0000-0xfcea3fff 64bit]
gru 29 21:43:44 bscnode-MS-7C91 kernel: pci 0000:00:01.1: PCI bridge to [bus 01-05]
gru 29 21:43:44 bscnode-MS-7C91 kernel: pci 0000:00:01.1:   bridge window [mem 0xfcd00000-0xfcefffff]
gru 29 21:43:44 bscnode-MS-7C91 kernel: pci 0000:06:00.0: [1022:43ee] type 00 class 0x0c0330
gru 29 21:43:44 bscnode-MS-7C91 kernel: pci 0000:06:00.0: reg 0x10: [mem 0xfc9a0000-0xfc9a7fff 64bit]
gru 29 21:43:44 bscnode-MS-7C91 kernel: pci 0000:06:00.0: enabling Extended Tags
gru 29 21:43:44 bscnode-MS-7C91 kernel: pci 0000:06:00.0: PME# supported from D3hot D3cold
gru 29 21:43:44 bscnode-MS-7C91 kernel: pci 0000:06:00.1: [1022:43eb] type 00 class 0x010601
gru 29 21:43:44 bscnode-MS-7C91 kernel: pci 0000:06:00.1: reg 0x24: [mem 0xfc980000-0xfc99ffff]
gru 29 21:43:44 bscnode-MS-7C91 kernel: pci 0000:06:00.1: reg 0x30: [mem 0xfc900000-0xfc97ffff pref]
gru 29 21:43:44 bscnode-MS-7C91 kernel: pci 0000:06:00.1: enabling Extended Tags
gru 29 21:43:44 bscnode-MS-7C91 kernel: pci 0000:06:00.1: PME# supported from D3hot D3cold
gru 29 21:43:44 bscnode-MS-7C91 kernel: pci 0000:06:00.2: [1022:43e9] type 01 class 0x060400
gru 29 21:43:44 bscnode-MS-7C91 kernel: pci 0000:06:00.2: enabling Extended Tags
gru 29 21:43:44 bscnode-MS-7C91 kernel: pci 0000:06:00.2: PME# supported from D3hot D3cold
gru 29 21:43:44 bscnode-MS-7C91 kernel: pci 0000:00:01.2: PCI bridge to [bus 06-2a]
gru 29 21:43:44 bscnode-MS-7C91 kernel: pci 0000:00:01.2:   bridge window [io  0xd000-0xefff]
gru 29 21:43:44 bscnode-MS-7C91 kernel: pci 0000:00:01.2:   bridge window [mem 0xfc600000-0xfc9fffff]
gru 29 21:43:44 bscnode-MS-7C91 kernel: pci 0000:07:00.0: [1022:43ea] type 01 class 0x060400
gru 29 21:43:44 bscnode-MS-7C91 kernel: pci 0000:07:00.0: enabling Extended Tags
gru 29 21:43:44 bscnode-MS-7C91 kernel: pci 0000:07:00.0: PME# supported from D3hot D3cold
gru 29 21:43:44 bscnode-MS-7C91 kernel: pci 0000:07:07.0: [1022:43ea] type 01 class 0x060400
gru 29 21:43:44 bscnode-MS-7C91 kernel: pci 0000:07:07.0: enabling Extended Tags
gru 29 21:43:44 bscnode-MS-7C91 kernel: pci 0000:07:07.0: PME# supported from D3hot D3cold
gru 29 21:43:44 bscnode-MS-7C91 kernel: pci 0000:07:09.0: [1022:43ea] type 01 class 0x060400
gru 29 21:43:44 bscnode-MS-7C91 kernel: pci 0000:07:09.0: enabling Extended Tags
gru 29 21:43:44 bscnode-MS-7C91 kernel: pci 0000:07:09.0: PME# supported from D3hot D3cold
gru 29 21:43:44 bscnode-MS-7C91 kernel: pci 0000:06:00.2: PCI bridge to [bus 07-2a]
gru 29 21:43:44 bscnode-MS-7C91 kernel: pci 0000:06:00.2:   bridge window [io  0xd000-0xefff]
gru 29 21:43:44 bscnode-MS-7C91 kernel: pci 0000:06:00.2:   bridge window [mem 0xfc600000-0xfc8fffff]
gru 29 21:43:44 bscnode-MS-7C91 kernel: pci 0000:08:00.0: [2646:2263] type 00 class 0x010802
gru 29 21:43:44 bscnode-MS-7C91 kernel: pci 0000:08:00.0: reg 0x10: [mem 0xfc800000-0xfc803fff 64bit]
gru 29 21:43:44 bscnode-MS-7C91 kernel: pci 0000:07:00.0: PCI bridge to [bus 08]
gru 29 21:43:44 bscnode-MS-7C91 kernel: pci 0000:07:00.0:   bridge window [mem 0xfc800000-0xfc8fffff]
gru 29 21:43:44 bscnode-MS-7C91 kernel: pci 0000:09:00.0: [10ec:8168] type 00 class 0x020000
gru 29 21:43:44 bscnode-MS-7C91 kernel: pci 0000:09:00.0: reg 0x10: [io  0xe000-0xe0ff]
gru 29 21:43:44 bscnode-MS-7C91 kernel: pci 0000:09:00.0: reg 0x18: [mem 0xfc704000-0xfc704fff 64bit]
gru 29 21:43:44 bscnode-MS-7C91 kernel: pci 0000:09:00.0: reg 0x20: [mem 0xfc700000-0xfc703fff 64bit]
gru 29 21:43:44 bscnode-MS-7C91 kernel: pci 0000:09:00.0: supports D1 D2
gru 29 21:43:44 bscnode-MS-7C91 kernel: pci 0000:09:00.0: PME# supported from D0 D1 D2 D3hot D3cold
gru 29 21:43:44 bscnode-MS-7C91 kernel: pci 0000:07:07.0: PCI bridge to [bus 09]
gru 29 21:43:44 bscnode-MS-7C91 kernel: pci 0000:07:07.0:   bridge window [io  0xe000-0xefff]
gru 29 21:43:44 bscnode-MS-7C91 kernel: pci 0000:07:07.0:   bridge window [mem 0xfc700000-0xfc7fffff]
gru 29 21:43:44 bscnode-MS-7C91 kernel: pci 0000:2a:00.0: [10ec:8125] type 00 class 0x020000
gru 29 21:43:44 bscnode-MS-7C91 kernel: pci 0000:2a:00.0: reg 0x10: [io  0xd000-0xd0ff]
gru 29 21:43:44 bscnode-MS-7C91 kernel: pci 0000:2a:00.0: reg 0x18: [mem 0xfc600000-0xfc60ffff 64bit]
gru 29 21:43:44 bscnode-MS-7C91 kernel: pci 0000:2a:00.0: reg 0x20: [mem 0xfc610000-0xfc613fff 64bit]
gru 29 21:43:44 bscnode-MS-7C91 kernel: pci 0000:2a:00.0: supports D1 D2
gru 29 21:43:44 bscnode-MS-7C91 kernel: pci 0000:2a:00.0: PME# supported from D0 D1 D2 D3hot D3cold
gru 29 21:43:44 bscnode-MS-7C91 kernel: pci 0000:07:09.0: PCI bridge to [bus 2a]
gru 29 21:43:44 bscnode-MS-7C91 kernel: pci 0000:07:09.0:   bridge window [io  0xd000-0xdfff]
gru 29 21:43:44 bscnode-MS-7C91 kernel: pci 0000:07:09.0:   bridge window [mem 0xfc600000-0xfc6fffff]
gru 29 21:43:44 bscnode-MS-7C91 kernel: pci 0000:2b:00.0: [1002:6819] type 00 class 0x030000
gru 29 21:43:44 bscnode-MS-7C91 kernel: pci 0000:2b:00.0: reg 0x10: [mem 0xe0000000-0xefffffff 64bit pref]
gru 29 21:43:44 bscnode-MS-7C91 kernel: pci 0000:2b:00.0: reg 0x18: [mem 0xfcf00000-0xfcf3ffff 64bit]
gru 29 21:43:44 bscnode-MS-7C91 kernel: pci 0000:2b:00.0: reg 0x20: [io  0xf000-0xf0ff]
gru 29 21:43:44 bscnode-MS-7C91 kernel: pci 0000:2b:00.0: reg 0x30: [mem 0xfcf40000-0xfcf5ffff pref]
gru 29 21:43:44 bscnode-MS-7C91 kernel: pci 0000:2b:00.0: BAR 0: assigned to efifb
gru 29 21:43:44 bscnode-MS-7C91 kernel: pci 0000:2b:00.0: Video device with shadowed ROM at [mem 0x000c0000-0x000dffff]
gru 29 21:43:44 bscnode-MS-7C91 kernel: pci 0000:2b:00.0: supports D1 D2
gru 29 21:43:44 bscnode-MS-7C91 kernel: pci 0000:2b:00.0: PME# supported from D1 D2 D3hot
gru 29 21:43:44 bscnode-MS-7C91 kernel: pci 0000:2b:00.1: [1002:aab0] type 00 class 0x040300
gru 29 21:43:44 bscnode-MS-7C91 kernel: pci 0000:2b:00.1: reg 0x10: [mem 0xfcf60000-0xfcf63fff 64bit]
gru 29 21:43:44 bscnode-MS-7C91 kernel: pci 0000:2b:00.1: supports D1 D2
gru 29 21:43:44 bscnode-MS-7C91 kernel: pci 0000:00:03.1: PCI bridge to [bus 2b]
gru 29 21:43:44 bscnode-MS-7C91 kernel: pci 0000:00:03.1:   bridge window [io  0xf000-0xffff]
gru 29 21:43:44 bscnode-MS-7C91 kernel: pci 0000:00:03.1:   bridge window [mem 0xfcf00000-0xfcffffff]
gru 29 21:43:44 bscnode-MS-7C91 kernel: pci 0000:00:03.1:   bridge window [mem 0xe0000000-0xefffffff 64bit pref]
gru 29 21:43:44 bscnode-MS-7C91 kernel: pci 0000:2c:00.0: [1022:148a] type 00 class 0x130000
gru 29 21:43:44 bscnode-MS-7C91 kernel: pci 0000:2c:00.0: enabling Extended Tags
gru 29 21:43:44 bscnode-MS-7C91 kernel: pci 0000:00:07.1: PCI bridge to [bus 2c]
gru 29 21:43:44 bscnode-MS-7C91 kernel: pci 0000:2d:00.0: [1022:1485] type 00 class 0x130000
gru 29 21:43:44 bscnode-MS-7C91 kernel: pci 0000:2d:00.0: enabling Extended Tags
gru 29 21:43:44 bscnode-MS-7C91 kernel: pci 0000:2d:00.1: [1022:1486] type 00 class 0x108000
gru 29 21:43:44 bscnode-MS-7C91 kernel: pci 0000:2d:00.1: reg 0x18: [mem 0xfcb00000-0xfcbfffff]
gru 29 21:43:44 bscnode-MS-7C91 kernel: pci 0000:2d:00.1: reg 0x24: [mem 0xfcc08000-0xfcc09fff]
gru 29 21:43:44 bscnode-MS-7C91 kernel: pci 0000:2d:00.1: enabling Extended Tags
gru 29 21:43:44 bscnode-MS-7C91 kernel: pci 0000:2d:00.3: [1022:149c] type 00 class 0x0c0330
gru 29 21:43:44 bscnode-MS-7C91 kernel: pci 0000:2d:00.3: reg 0x10: [mem 0xfca00000-0xfcafffff 64bit]
gru 29 21:43:44 bscnode-MS-7C91 kernel: pci 0000:2d:00.3: enabling Extended Tags
gru 29 21:43:44 bscnode-MS-7C91 kernel: pci 0000:2d:00.3: PME# supported from D0 D3hot D3cold
gru 29 21:43:44 bscnode-MS-7C91 kernel: pci 0000:2d:00.4: [1022:1487] type 00 class 0x040300
gru 29 21:43:44 bscnode-MS-7C91 kernel: pci 0000:2d:00.4: reg 0x10: [mem 0xfcc00000-0xfcc07fff]
gru 29 21:43:44 bscnode-MS-7C91 kernel: pci 0000:2d:00.4: enabling Extended Tags
gru 29 21:43:44 bscnode-MS-7C91 kernel: pci 0000:2d:00.4: PME# supported from D0 D3hot D3cold
gru 29 21:43:44 bscnode-MS-7C91 kernel: pci 0000:00:08.1: PCI bridge to [bus 2d]
gru 29 21:43:44 bscnode-MS-7C91 kernel: pci 0000:00:08.1:   bridge window [mem 0xfca00000-0xfccfffff]
gru 29 21:43:44 bscnode-MS-7C91 kernel: ACPI: PCI: Interrupt link LNKA configured for IRQ 0
gru 29 21:43:44 bscnode-MS-7C91 kernel: ACPI: PCI: Interrupt link LNKB configured for IRQ 0
gru 29 21:43:44 bscnode-MS-7C91 kernel: ACPI: PCI: Interrupt link LNKC configured for IRQ 0
gru 29 21:43:44 bscnode-MS-7C91 kernel: ACPI: PCI: Interrupt link LNKD configured for IRQ 0
gru 29 21:43:44 bscnode-MS-7C91 kernel: ACPI: PCI: Interrupt link LNKE configured for IRQ 0
gru 29 21:43:44 bscnode-MS-7C91 kernel: ACPI: PCI: Interrupt link LNKF configured for IRQ 0
gru 29 21:43:44 bscnode-MS-7C91 kernel: ACPI: PCI: Interrupt link LNKG configured for IRQ 0
gru 29 21:43:44 bscnode-MS-7C91 kernel: ACPI: PCI: Interrupt link LNKH configured for IRQ 0
gru 29 21:43:44 bscnode-MS-7C91 kernel: iommu: Default domain type: Translated 
gru 29 21:43:44 bscnode-MS-7C91 kernel: iommu: DMA domain TLB invalidation policy: lazy mode 
gru 29 21:43:44 bscnode-MS-7C91 kernel: SCSI subsystem initialized
gru 29 21:43:44 bscnode-MS-7C91 kernel: libata version 3.00 loaded.
gru 29 21:43:44 bscnode-MS-7C91 kernel: pci 0000:2b:00.0: vgaarb: setting as boot VGA device
gru 29 21:43:44 bscnode-MS-7C91 kernel: pci 0000:2b:00.0: vgaarb: VGA device added: decodes=io+mem,owns=io+mem,locks=none
gru 29 21:43:44 bscnode-MS-7C91 kernel: pci 0000:2b:00.0: vgaarb: bridge control possible
gru 29 21:43:44 bscnode-MS-7C91 kernel: vgaarb: loaded
gru 29 21:43:44 bscnode-MS-7C91 kernel: ACPI: bus type USB registered
gru 29 21:43:44 bscnode-MS-7C91 kernel: usbcore: registered new interface driver usbfs
gru 29 21:43:44 bscnode-MS-7C91 kernel: usbcore: registered new interface driver hub
gru 29 21:43:44 bscnode-MS-7C91 kernel: usbcore: registered new device driver usb
gru 29 21:43:44 bscnode-MS-7C91 kernel: pps_core: LinuxPPS API ver. 1 registered
gru 29 21:43:44 bscnode-MS-7C91 kernel: pps_core: Software ver. 5.3.6 - Copyright 2005-2007 Rodolfo Giometti <giometti@linux.it>
gru 29 21:43:44 bscnode-MS-7C91 kernel: PTP clock support registered
gru 29 21:43:44 bscnode-MS-7C91 kernel: EDAC MC: Ver: 3.0.0
gru 29 21:43:44 bscnode-MS-7C91 kernel: Registered efivars operations
gru 29 21:43:44 bscnode-MS-7C91 kernel: NetLabel: Initializing
gru 29 21:43:44 bscnode-MS-7C91 kernel: NetLabel:  domain hash size = 128
gru 29 21:43:44 bscnode-MS-7C91 kernel: NetLabel:  protocols = UNLABELED CIPSOv4 CALIPSO
gru 29 21:43:44 bscnode-MS-7C91 kernel: NetLabel:  unlabeled traffic allowed by default
gru 29 21:43:44 bscnode-MS-7C91 kernel: PCI: Using ACPI for IRQ routing
gru 29 21:43:44 bscnode-MS-7C91 kernel: PCI: pci_cache_line_size set to 64 bytes
gru 29 21:43:44 bscnode-MS-7C91 kernel: e820: reserve RAM buffer [mem 0x09e02000-0x0bffffff]
gru 29 21:43:44 bscnode-MS-7C91 kernel: e820: reserve RAM buffer [mem 0x0a200000-0x0bffffff]
gru 29 21:43:44 bscnode-MS-7C91 kernel: e820: reserve RAM buffer [mem 0x0b000000-0x0bffffff]
gru 29 21:43:44 bscnode-MS-7C91 kernel: e820: reserve RAM buffer [mem 0xd6949018-0xd7ffffff]
gru 29 21:43:44 bscnode-MS-7C91 kernel: e820: reserve RAM buffer [mem 0xd695a018-0xd7ffffff]
gru 29 21:43:44 bscnode-MS-7C91 kernel: e820: reserve RAM buffer [mem 0xd6968018-0xd7ffffff]
gru 29 21:43:44 bscnode-MS-7C91 kernel: e820: reserve RAM buffer [mem 0xd6ac3000-0xd7ffffff]
gru 29 21:43:44 bscnode-MS-7C91 kernel: e820: reserve RAM buffer [mem 0xd6b22000-0xd7ffffff]
gru 29 21:43:44 bscnode-MS-7C91 kernel: e820: reserve RAM buffer [mem 0xdb0e8000-0xdbffffff]
gru 29 21:43:44 bscnode-MS-7C91 kernel: e820: reserve RAM buffer [mem 0xdf000000-0xdfffffff]
gru 29 21:43:44 bscnode-MS-7C91 kernel: e820: reserve RAM buffer [mem 0x81f300000-0x81fffffff]
gru 29 21:43:44 bscnode-MS-7C91 kernel: hpet0: at MMIO 0xfed00000, IRQs 2, 8, 0
gru 29 21:43:44 bscnode-MS-7C91 kernel: hpet0: 3 comparators, 32-bit 14.318180 MHz counter
gru 29 21:43:44 bscnode-MS-7C91 kernel: clocksource: Switched to clocksource tsc-early
gru 29 21:43:44 bscnode-MS-7C91 kernel: VFS: Disk quotas dquot_6.6.0
gru 29 21:43:44 bscnode-MS-7C91 kernel: VFS: Dquot-cache hash table entries: 512 (order 0, 4096 bytes)
gru 29 21:43:44 bscnode-MS-7C91 kernel: AppArmor: AppArmor Filesystem Enabled
gru 29 21:43:44 bscnode-MS-7C91 kernel: pnp: PnP ACPI init
gru 29 21:43:44 bscnode-MS-7C91 kernel: system 00:00: [mem 0xf0000000-0xf7ffffff] has been reserved
gru 29 21:43:44 bscnode-MS-7C91 kernel: system 00:01: [mem 0xfd200000-0xfd2fffff] has been reserved
gru 29 21:43:44 bscnode-MS-7C91 kernel: system 00:03: [io  0x0a00-0x0a0f] has been reserved
gru 29 21:43:44 bscnode-MS-7C91 kernel: system 00:03: [io  0x0a10-0x0a1f] has been reserved
gru 29 21:43:44 bscnode-MS-7C91 kernel: system 00:03: [io  0x0a20-0x0a2f] has been reserved
gru 29 21:43:44 bscnode-MS-7C91 kernel: system 00:04: [io  0x04d0-0x04d1] has been reserved
gru 29 21:43:44 bscnode-MS-7C91 kernel: system 00:04: [io  0x040b] has been reserved
gru 29 21:43:44 bscnode-MS-7C91 kernel: system 00:04: [io  0x04d6] has been reserved
gru 29 21:43:44 bscnode-MS-7C91 kernel: system 00:04: [io  0x0c00-0x0c01] has been reserved
gru 29 21:43:44 bscnode-MS-7C91 kernel: system 00:04: [io  0x0c14] has been reserved
gru 29 21:43:44 bscnode-MS-7C91 kernel: system 00:04: [io  0x0c50-0x0c51] has been reserved
gru 29 21:43:44 bscnode-MS-7C91 kernel: system 00:04: [io  0x0c52] has been reserved
gru 29 21:43:44 bscnode-MS-7C91 kernel: system 00:04: [io  0x0c6c] has been reserved
gru 29 21:43:44 bscnode-MS-7C91 kernel: system 00:04: [io  0x0c6f] has been reserved
gru 29 21:43:44 bscnode-MS-7C91 kernel: system 00:04: [io  0x0cd8-0x0cdf] has been reserved
gru 29 21:43:44 bscnode-MS-7C91 kernel: system 00:04: [io  0x0800-0x089f] has been reserved
gru 29 21:43:44 bscnode-MS-7C91 kernel: system 00:04: [io  0x0b00-0x0b0f] has been reserved
gru 29 21:43:44 bscnode-MS-7C91 kernel: system 00:04: [io  0x0b20-0x0b3f] has been reserved
gru 29 21:43:44 bscnode-MS-7C91 kernel: system 00:04: [io  0x0900-0x090f] has been reserved
gru 29 21:43:44 bscnode-MS-7C91 kernel: system 00:04: [io  0x0910-0x091f] has been reserved
gru 29 21:43:44 bscnode-MS-7C91 kernel: system 00:04: [mem 0xfec00000-0xfec00fff] could not be reserved
gru 29 21:43:44 bscnode-MS-7C91 kernel: system 00:04: [mem 0xfec01000-0xfec01fff] could not be reserved
gru 29 21:43:44 bscnode-MS-7C91 kernel: system 00:04: [mem 0xfedc0000-0xfedc0fff] has been reserved
gru 29 21:43:44 bscnode-MS-7C91 kernel: system 00:04: [mem 0xfee00000-0xfee00fff] has been reserved
gru 29 21:43:44 bscnode-MS-7C91 kernel: system 00:04: [mem 0xfed80000-0xfed8ffff] could not be reserved
gru 29 21:43:44 bscnode-MS-7C91 kernel: system 00:04: [mem 0xfec10000-0xfec10fff] has been reserved
gru 29 21:43:44 bscnode-MS-7C91 kernel: system 00:04: [mem 0xff000000-0xffffffff] has been reserved
gru 29 21:43:44 bscnode-MS-7C91 kernel: pnp: PnP ACPI: found 5 devices
gru 29 21:43:44 bscnode-MS-7C91 kernel: clocksource: acpi_pm: mask: 0xffffff max_cycles: 0xffffff, max_idle_ns: 2085701024 ns
gru 29 21:43:44 bscnode-MS-7C91 kernel: NET: Registered PF_INET protocol family
gru 29 21:43:44 bscnode-MS-7C91 kernel: IP idents hash table entries: 262144 (order: 9, 2097152 bytes, linear)
gru 29 21:43:44 bscnode-MS-7C91 kernel: tcp_listen_portaddr_hash hash table entries: 16384 (order: 6, 262144 bytes, linear)
gru 29 21:43:44 bscnode-MS-7C91 kernel: Table-perturb hash table entries: 65536 (order: 6, 262144 bytes, linear)
gru 29 21:43:44 bscnode-MS-7C91 kernel: TCP established hash table entries: 262144 (order: 9, 2097152 bytes, linear)
gru 29 21:43:44 bscnode-MS-7C91 kernel: TCP bind hash table entries: 65536 (order: 8, 1048576 bytes, linear)
gru 29 21:43:44 bscnode-MS-7C91 kernel: TCP: Hash tables configured (established 262144 bind 65536)
gru 29 21:43:44 bscnode-MS-7C91 kernel: MPTCP token hash table entries: 32768 (order: 7, 786432 bytes, linear)
gru 29 21:43:44 bscnode-MS-7C91 kernel: UDP hash table entries: 16384 (order: 7, 524288 bytes, linear)
gru 29 21:43:44 bscnode-MS-7C91 kernel: UDP-Lite hash table entries: 16384 (order: 7, 524288 bytes, linear)
gru 29 21:43:44 bscnode-MS-7C91 kernel: NET: Registered PF_UNIX/PF_LOCAL protocol family
gru 29 21:43:44 bscnode-MS-7C91 kernel: NET: Registered PF_XDP protocol family
gru 29 21:43:44 bscnode-MS-7C91 kernel: pci 0000:00:01.1: PCI bridge to [bus 01-05]
gru 29 21:43:44 bscnode-MS-7C91 kernel: pci 0000:00:01.1:   bridge window [mem 0xfcd00000-0xfcefffff]
gru 29 21:43:44 bscnode-MS-7C91 kernel: pci 0000:07:00.0: PCI bridge to [bus 08]
gru 29 21:43:44 bscnode-MS-7C91 kernel: pci 0000:07:00.0:   bridge window [mem 0xfc800000-0xfc8fffff]
gru 29 21:43:44 bscnode-MS-7C91 kernel: pci 0000:07:07.0: PCI bridge to [bus 09]
gru 29 21:43:44 bscnode-MS-7C91 kernel: pci 0000:07:07.0:   bridge window [io  0xe000-0xefff]
gru 29 21:43:44 bscnode-MS-7C91 kernel: pci 0000:07:07.0:   bridge window [mem 0xfc700000-0xfc7fffff]
gru 29 21:43:44 bscnode-MS-7C91 kernel: pci 0000:07:09.0: PCI bridge to [bus 2a]
gru 29 21:43:44 bscnode-MS-7C91 kernel: pci 0000:07:09.0:   bridge window [io  0xd000-0xdfff]
gru 29 21:43:44 bscnode-MS-7C91 kernel: pci 0000:07:09.0:   bridge window [mem 0xfc600000-0xfc6fffff]
gru 29 21:43:44 bscnode-MS-7C91 kernel: pci 0000:06:00.2: PCI bridge to [bus 07-2a]
gru 29 21:43:44 bscnode-MS-7C91 kernel: pci 0000:06:00.2:   bridge window [io  0xd000-0xefff]
gru 29 21:43:44 bscnode-MS-7C91 kernel: pci 0000:06:00.2:   bridge window [mem 0xfc600000-0xfc8fffff]
gru 29 21:43:44 bscnode-MS-7C91 kernel: pci 0000:00:01.2: PCI bridge to [bus 06-2a]
gru 29 21:43:44 bscnode-MS-7C91 kernel: pci 0000:00:01.2:   bridge window [io  0xd000-0xefff]
gru 29 21:43:44 bscnode-MS-7C91 kernel: pci 0000:00:01.2:   bridge window [mem 0xfc600000-0xfc9fffff]
gru 29 21:43:44 bscnode-MS-7C91 kernel: pci 0000:00:03.1: PCI bridge to [bus 2b]
gru 29 21:43:44 bscnode-MS-7C91 kernel: pci 0000:00:03.1:   bridge window [io  0xf000-0xffff]
gru 29 21:43:44 bscnode-MS-7C91 kernel: pci 0000:00:03.1:   bridge window [mem 0xfcf00000-0xfcffffff]
gru 29 21:43:44 bscnode-MS-7C91 kernel: pci 0000:00:03.1:   bridge window [mem 0xe0000000-0xefffffff 64bit pref]
gru 29 21:43:44 bscnode-MS-7C91 kernel: pci 0000:00:07.1: PCI bridge to [bus 2c]
gru 29 21:43:44 bscnode-MS-7C91 kernel: pci 0000:00:08.1: PCI bridge to [bus 2d]
gru 29 21:43:44 bscnode-MS-7C91 kernel: pci 0000:00:08.1:   bridge window [mem 0xfca00000-0xfccfffff]
gru 29 21:43:44 bscnode-MS-7C91 kernel: pci_bus 0000:00: resource 4 [io  0x0000-0x0cf7 window]
gru 29 21:43:44 bscnode-MS-7C91 kernel: pci_bus 0000:00: resource 5 [io  0x0d00-0xffff window]
gru 29 21:43:44 bscnode-MS-7C91 kernel: pci_bus 0000:00: resource 6 [mem 0x000a0000-0x000dffff window]
gru 29 21:43:44 bscnode-MS-7C91 kernel: pci_bus 0000:00: resource 7 [mem 0xe0000000-0xfec2ffff window]
gru 29 21:43:44 bscnode-MS-7C91 kernel: pci_bus 0000:00: resource 8 [mem 0xfee00000-0xffffffff window]
gru 29 21:43:44 bscnode-MS-7C91 kernel: pci_bus 0000:01: resource 1 [mem 0xfcd00000-0xfcefffff]
gru 29 21:43:44 bscnode-MS-7C91 kernel: pci_bus 0000:06: resource 0 [io  0xd000-0xefff]
gru 29 21:43:44 bscnode-MS-7C91 kernel: pci_bus 0000:06: resource 1 [mem 0xfc600000-0xfc9fffff]
gru 29 21:43:44 bscnode-MS-7C91 kernel: pci_bus 0000:07: resource 0 [io  0xd000-0xefff]
gru 29 21:43:44 bscnode-MS-7C91 kernel: pci_bus 0000:07: resource 1 [mem 0xfc600000-0xfc8fffff]
gru 29 21:43:44 bscnode-MS-7C91 kernel: pci_bus 0000:08: resource 1 [mem 0xfc800000-0xfc8fffff]
gru 29 21:43:44 bscnode-MS-7C91 kernel: pci_bus 0000:09: resource 0 [io  0xe000-0xefff]
gru 29 21:43:44 bscnode-MS-7C91 kernel: pci_bus 0000:09: resource 1 [mem 0xfc700000-0xfc7fffff]
gru 29 21:43:44 bscnode-MS-7C91 kernel: pci_bus 0000:2a: resource 0 [io  0xd000-0xdfff]
gru 29 21:43:44 bscnode-MS-7C91 kernel: pci_bus 0000:2a: resource 1 [mem 0xfc600000-0xfc6fffff]
gru 29 21:43:44 bscnode-MS-7C91 kernel: pci_bus 0000:2b: resource 0 [io  0xf000-0xffff]
gru 29 21:43:44 bscnode-MS-7C91 kernel: pci_bus 0000:2b: resource 1 [mem 0xfcf00000-0xfcffffff]
gru 29 21:43:44 bscnode-MS-7C91 kernel: pci_bus 0000:2b: resource 2 [mem 0xe0000000-0xefffffff 64bit pref]
gru 29 21:43:44 bscnode-MS-7C91 kernel: pci_bus 0000:2d: resource 1 [mem 0xfca00000-0xfccfffff]
gru 29 21:43:44 bscnode-MS-7C91 kernel: pci 0000:2b:00.1: D0 power state depends on 0000:2b:00.0
gru 29 21:43:44 bscnode-MS-7C91 kernel: PCI: CLS 64 bytes, default 64
gru 29 21:43:44 bscnode-MS-7C91 kernel: pci 0000:00:00.2: AMD-Vi: IOMMU performance counters supported
gru 29 21:43:44 bscnode-MS-7C91 kernel: pci 0000:00:01.0: Adding to iommu group 0
gru 29 21:43:44 bscnode-MS-7C91 kernel: pci 0000:00:01.1: Adding to iommu group 1
gru 29 21:43:44 bscnode-MS-7C91 kernel: pci 0000:00:01.2: Adding to iommu group 2
gru 29 21:43:44 bscnode-MS-7C91 kernel: pci 0000:00:02.0: Adding to iommu group 3
gru 29 21:43:44 bscnode-MS-7C91 kernel: pci 0000:00:03.0: Adding to iommu group 4
gru 29 21:43:44 bscnode-MS-7C91 kernel: Trying to unpack rootfs image as initramfs...
gru 29 21:43:44 bscnode-MS-7C91 kernel: pci 0000:00:03.1: Adding to iommu group 5
gru 29 21:43:44 bscnode-MS-7C91 kernel: pci 0000:00:04.0: Adding to iommu group 6
gru 29 21:43:44 bscnode-MS-7C91 kernel: pci 0000:00:05.0: Adding to iommu group 7
gru 29 21:43:44 bscnode-MS-7C91 kernel: pci 0000:00:07.0: Adding to iommu group 8
gru 29 21:43:44 bscnode-MS-7C91 kernel: pci 0000:00:07.1: Adding to iommu group 9
gru 29 21:43:44 bscnode-MS-7C91 kernel: pci 0000:00:08.0: Adding to iommu group 10
gru 29 21:43:44 bscnode-MS-7C91 kernel: pci 0000:00:08.1: Adding to iommu group 11
gru 29 21:43:44 bscnode-MS-7C91 kernel: pci 0000:00:14.0: Adding to iommu group 12
gru 29 21:43:44 bscnode-MS-7C91 kernel: pci 0000:00:14.3: Adding to iommu group 12
gru 29 21:43:44 bscnode-MS-7C91 kernel: pci 0000:00:18.0: Adding to iommu group 13
gru 29 21:43:44 bscnode-MS-7C91 kernel: pci 0000:00:18.1: Adding to iommu group 13
gru 29 21:43:44 bscnode-MS-7C91 kernel: pci 0000:00:18.2: Adding to iommu group 13
gru 29 21:43:44 bscnode-MS-7C91 kernel: pci 0000:00:18.3: Adding to iommu group 13
gru 29 21:43:44 bscnode-MS-7C91 kernel: pci 0000:00:18.4: Adding to iommu group 13
gru 29 21:43:44 bscnode-MS-7C91 kernel: pci 0000:00:18.5: Adding to iommu group 13
gru 29 21:43:44 bscnode-MS-7C91 kernel: pci 0000:00:18.6: Adding to iommu group 13
gru 29 21:43:44 bscnode-MS-7C91 kernel: pci 0000:00:18.7: Adding to iommu group 13
gru 29 21:43:44 bscnode-MS-7C91 kernel: pci 0000:01:00.0: Adding to iommu group 14
gru 29 21:43:44 bscnode-MS-7C91 kernel: pci 0000:06:00.0: Adding to iommu group 15
gru 29 21:43:44 bscnode-MS-7C91 kernel: pci 0000:06:00.1: Adding to iommu group 15
gru 29 21:43:44 bscnode-MS-7C91 kernel: pci 0000:06:00.2: Adding to iommu group 15
gru 29 21:43:44 bscnode-MS-7C91 kernel: pci 0000:07:00.0: Adding to iommu group 15
gru 29 21:43:44 bscnode-MS-7C91 kernel: pci 0000:07:07.0: Adding to iommu group 15
gru 29 21:43:44 bscnode-MS-7C91 kernel: pci 0000:07:09.0: Adding to iommu group 15
gru 29 21:43:44 bscnode-MS-7C91 kernel: pci 0000:08:00.0: Adding to iommu group 15
gru 29 21:43:44 bscnode-MS-7C91 kernel: pci 0000:09:00.0: Adding to iommu group 15
gru 29 21:43:44 bscnode-MS-7C91 kernel: pci 0000:2a:00.0: Adding to iommu group 15
gru 29 21:43:44 bscnode-MS-7C91 kernel: pci 0000:2b:00.0: Adding to iommu group 16
gru 29 21:43:44 bscnode-MS-7C91 kernel: pci 0000:2b:00.1: Adding to iommu group 16
gru 29 21:43:44 bscnode-MS-7C91 kernel: pci 0000:2c:00.0: Adding to iommu group 17
gru 29 21:43:44 bscnode-MS-7C91 kernel: pci 0000:2d:00.0: Adding to iommu group 18
gru 29 21:43:44 bscnode-MS-7C91 kernel: pci 0000:2d:00.1: Adding to iommu group 19
gru 29 21:43:44 bscnode-MS-7C91 kernel: pci 0000:2d:00.3: Adding to iommu group 20
gru 29 21:43:44 bscnode-MS-7C91 kernel: pci 0000:2d:00.4: Adding to iommu group 21
gru 29 21:43:44 bscnode-MS-7C91 kernel: pci 0000:00:00.2: AMD-Vi: Found IOMMU cap 0x40
gru 29 21:43:44 bscnode-MS-7C91 kernel: AMD-Vi: Extended features (0x58f77ef22294a5a): PPR NX GT IA PC GA_vAPIC
gru 29 21:43:44 bscnode-MS-7C91 kernel: AMD-Vi: Interrupt remapping enabled
gru 29 21:43:44 bscnode-MS-7C91 kernel: PCI-DMA: Using software bounce buffering for IO (SWIOTLB)
gru 29 21:43:44 bscnode-MS-7C91 kernel: software IO TLB: mapped [mem 0x00000000d2942000-0x00000000d6942000] (64MB)
gru 29 21:43:44 bscnode-MS-7C91 kernel: LVT offset 0 assigned for vector 0x400
gru 29 21:43:44 bscnode-MS-7C91 kernel: perf: AMD IBS detected (0x000003ff)
gru 29 21:43:44 bscnode-MS-7C91 kernel: perf/amd_iommu: Detected AMD IOMMU #0 (2 banks, 4 counters/bank).
gru 29 21:43:44 bscnode-MS-7C91 kernel: Initialise system trusted keyrings
gru 29 21:43:44 bscnode-MS-7C91 kernel: Key type blacklist registered
gru 29 21:43:44 bscnode-MS-7C91 kernel: workingset: timestamp_bits=36 max_order=23 bucket_order=0
gru 29 21:43:44 bscnode-MS-7C91 kernel: zbud: loaded
gru 29 21:43:44 bscnode-MS-7C91 kernel: squashfs: version 4.0 (2009/01/31) Phillip Lougher
gru 29 21:43:44 bscnode-MS-7C91 kernel: fuse: init (API version 7.34)
gru 29 21:43:44 bscnode-MS-7C91 kernel: integrity: Platform Keyring initialized
gru 29 21:43:44 bscnode-MS-7C91 kernel: Key type asymmetric registered
gru 29 21:43:44 bscnode-MS-7C91 kernel: Asymmetric key parser 'x509' registered
gru 29 21:43:44 bscnode-MS-7C91 kernel: Block layer SCSI generic (bsg) driver version 0.4 loaded (major 243)
gru 29 21:43:44 bscnode-MS-7C91 kernel: io scheduler mq-deadline registered
gru 29 21:43:44 bscnode-MS-7C91 kernel: pcieport 0000:00:01.1: AER: enabled with IRQ 27
gru 29 21:43:44 bscnode-MS-7C91 kernel: pcieport 0000:00:01.2: AER: enabled with IRQ 28
gru 29 21:43:44 bscnode-MS-7C91 kernel: pcieport 0000:00:03.1: AER: enabled with IRQ 29
gru 29 21:43:44 bscnode-MS-7C91 kernel: pcieport 0000:00:07.1: AER: enabled with IRQ 31
gru 29 21:43:44 bscnode-MS-7C91 kernel: pcieport 0000:00:08.1: AER: enabled with IRQ 32
gru 29 21:43:44 bscnode-MS-7C91 kernel: shpchp: Standard Hot Plug PCI Controller Driver version: 0.4
gru 29 21:43:44 bscnode-MS-7C91 kernel: input: Power Button as /devices/LNXSYSTM:00/LNXSYBUS:00/PNP0C0C:00/input/input0
gru 29 21:43:44 bscnode-MS-7C91 kernel: ACPI: button: Power Button [PWRB]
gru 29 21:43:44 bscnode-MS-7C91 kernel: input: Power Button as /devices/LNXSYSTM:00/LNXPWRBN:00/input/input1
gru 29 21:43:44 bscnode-MS-7C91 kernel: ACPI: button: Power Button [PWRF]
gru 29 21:43:44 bscnode-MS-7C91 kernel: smpboot: Estimated ratio of average max frequency by base frequency (times 1024): 1329
gru 29 21:43:44 bscnode-MS-7C91 kernel: Monitor-Mwait will be used to enter C-1 state
gru 29 21:43:44 bscnode-MS-7C91 kernel: ACPI: \_SB_.PLTF.C000: Found 2 idle states
gru 29 21:43:44 bscnode-MS-7C91 kernel: ACPI: \_SB_.PLTF.C002: Found 2 idle states
gru 29 21:43:44 bscnode-MS-7C91 kernel: ACPI: \_SB_.PLTF.C004: Found 2 idle states
gru 29 21:43:44 bscnode-MS-7C91 kernel: ACPI: \_SB_.PLTF.C006: Found 2 idle states
gru 29 21:43:44 bscnode-MS-7C91 kernel: ACPI: \_SB_.PLTF.C008: Found 2 idle states
gru 29 21:43:44 bscnode-MS-7C91 kernel: ACPI: \_SB_.PLTF.C00A: Found 2 idle states
gru 29 21:43:44 bscnode-MS-7C91 kernel: ACPI: \_SB_.PLTF.C00C: Found 2 idle states
gru 29 21:43:44 bscnode-MS-7C91 kernel: ACPI: \_SB_.PLTF.C00E: Found 2 idle states
gru 29 21:43:44 bscnode-MS-7C91 kernel: ACPI: \_SB_.PLTF.C010: Found 2 idle states
gru 29 21:43:44 bscnode-MS-7C91 kernel: ACPI: \_SB_.PLTF.C012: Found 2 idle states
gru 29 21:43:44 bscnode-MS-7C91 kernel: ACPI: \_SB_.PLTF.C014: Found 2 idle states
gru 29 21:43:44 bscnode-MS-7C91 kernel: ACPI: \_SB_.PLTF.C016: Found 2 idle states
gru 29 21:43:44 bscnode-MS-7C91 kernel: ACPI: \_SB_.PLTF.C001: Found 2 idle states
gru 29 21:43:44 bscnode-MS-7C91 kernel: ACPI: \_SB_.PLTF.C003: Found 2 idle states
gru 29 21:43:44 bscnode-MS-7C91 kernel: ACPI: \_SB_.PLTF.C005: Found 2 idle states
gru 29 21:43:44 bscnode-MS-7C91 kernel: ACPI: \_SB_.PLTF.C007: Found 2 idle states
gru 29 21:43:44 bscnode-MS-7C91 kernel: ACPI: \_SB_.PLTF.C009: Found 2 idle states
gru 29 21:43:44 bscnode-MS-7C91 kernel: ACPI: \_SB_.PLTF.C00B: Found 2 idle states
gru 29 21:43:44 bscnode-MS-7C91 kernel: ACPI: \_SB_.PLTF.C00D: Found 2 idle states
gru 29 21:43:44 bscnode-MS-7C91 kernel: ACPI: \_SB_.PLTF.C00F: Found 2 idle states
gru 29 21:43:44 bscnode-MS-7C91 kernel: ACPI: \_SB_.PLTF.C011: Found 2 idle states
gru 29 21:43:44 bscnode-MS-7C91 kernel: ACPI: \_SB_.PLTF.C013: Found 2 idle states
gru 29 21:43:44 bscnode-MS-7C91 kernel: ACPI: \_SB_.PLTF.C015: Found 2 idle states
gru 29 21:43:44 bscnode-MS-7C91 kernel: ACPI: \_SB_.PLTF.C017: Found 2 idle states
gru 29 21:43:44 bscnode-MS-7C91 kernel: Serial: 8250/16550 driver, 32 ports, IRQ sharing enabled
gru 29 21:43:44 bscnode-MS-7C91 kernel: serial8250: ttyS0 at I/O 0x3f8 (irq = 4, base_baud = 115200) is a 16550A
gru 29 21:43:44 bscnode-MS-7C91 kernel: Linux agpgart interface v0.103
gru 29 21:43:44 bscnode-MS-7C91 kernel: loop: module loaded
gru 29 21:43:44 bscnode-MS-7C91 kernel: tun: Universal TUN/TAP device driver, 1.6
gru 29 21:43:44 bscnode-MS-7C91 kernel: PPP generic driver version 2.4.2
gru 29 21:43:44 bscnode-MS-7C91 kernel: VFIO - User Level meta-driver version: 0.3
gru 29 21:43:44 bscnode-MS-7C91 kernel: ehci_hcd: USB 2.0 'Enhanced' Host Controller (EHCI) Driver
gru 29 21:43:44 bscnode-MS-7C91 kernel: ehci-pci: EHCI PCI platform driver
gru 29 21:43:44 bscnode-MS-7C91 kernel: ehci-platform: EHCI generic platform driver
gru 29 21:43:44 bscnode-MS-7C91 kernel: ohci_hcd: USB 1.1 'Open' Host Controller (OHCI) Driver
gru 29 21:43:44 bscnode-MS-7C91 kernel: ohci-pci: OHCI PCI platform driver
gru 29 21:43:44 bscnode-MS-7C91 kernel: ohci-platform: OHCI generic platform driver
gru 29 21:43:44 bscnode-MS-7C91 kernel: uhci_hcd: USB Universal Host Controller Interface driver
gru 29 21:43:44 bscnode-MS-7C91 kernel: i8042: PNP: No PS/2 controller found.
gru 29 21:43:44 bscnode-MS-7C91 kernel: mousedev: PS/2 mouse device common for all mice
gru 29 21:43:44 bscnode-MS-7C91 kernel: rtc_cmos 00:02: RTC can wake from S4
gru 29 21:43:44 bscnode-MS-7C91 kernel: rtc_cmos 00:02: registered as rtc0
gru 29 21:43:44 bscnode-MS-7C91 kernel: rtc_cmos 00:02: setting system clock to 2022-12-29T20:43:40 UTC (1672346620)
gru 29 21:43:44 bscnode-MS-7C91 kernel: rtc_cmos 00:02: alarms up to one month, y3k, 114 bytes nvram, hpet irqs
gru 29 21:43:44 bscnode-MS-7C91 kernel: i2c_dev: i2c /dev entries driver
gru 29 21:43:44 bscnode-MS-7C91 kernel: device-mapper: core: CONFIG_IMA_DISABLE_HTABLE is disabled. Duplicate IMA measurements will not be recorded in the IMA log.
gru 29 21:43:44 bscnode-MS-7C91 kernel: device-mapper: uevent: version 1.0.3
gru 29 21:43:44 bscnode-MS-7C91 kernel: device-mapper: ioctl: 4.45.0-ioctl (2021-03-22) initialised: dm-devel@redhat.com
gru 29 21:43:44 bscnode-MS-7C91 kernel: platform eisa.0: Probing EISA bus 0
gru 29 21:43:44 bscnode-MS-7C91 kernel: platform eisa.0: EISA: Cannot allocate resource for mainboard
gru 29 21:43:44 bscnode-MS-7C91 kernel: platform eisa.0: Cannot allocate resource for EISA slot 1
gru 29 21:43:44 bscnode-MS-7C91 kernel: platform eisa.0: Cannot allocate resource for EISA slot 2
gru 29 21:43:44 bscnode-MS-7C91 kernel: platform eisa.0: Cannot allocate resource for EISA slot 3
gru 29 21:43:44 bscnode-MS-7C91 kernel: platform eisa.0: Cannot allocate resource for EISA slot 4
gru 29 21:43:44 bscnode-MS-7C91 kernel: platform eisa.0: Cannot allocate resource for EISA slot 5
gru 29 21:43:44 bscnode-MS-7C91 kernel: platform eisa.0: Cannot allocate resource for EISA slot 6
gru 29 21:43:44 bscnode-MS-7C91 kernel: platform eisa.0: Cannot allocate resource for EISA slot 7
gru 29 21:43:44 bscnode-MS-7C91 kernel: platform eisa.0: Cannot allocate resource for EISA slot 8
gru 29 21:43:44 bscnode-MS-7C91 kernel: platform eisa.0: EISA: Detected 0 cards
gru 29 21:43:44 bscnode-MS-7C91 kernel: amd_pstate: This processor supports shared memory solution, you can enable it with amd_pstate.shared_mem=1
gru 29 21:43:44 bscnode-MS-7C91 kernel: ledtrig-cpu: registered to indicate activity on CPUs
gru 29 21:43:44 bscnode-MS-7C91 kernel: efifb: probing for efifb
gru 29 21:43:44 bscnode-MS-7C91 kernel: efifb: showing boot graphics
gru 29 21:43:44 bscnode-MS-7C91 kernel: efifb: framebuffer at 0xe0000000, using 9000k, total 9000k
gru 29 21:43:44 bscnode-MS-7C91 kernel: efifb: mode is 1920x1200x32, linelength=7680, pages=1
gru 29 21:43:44 bscnode-MS-7C91 kernel: efifb: scrolling: redraw
gru 29 21:43:44 bscnode-MS-7C91 kernel: efifb: Truecolor: size=8:8:8:8, shift=24:16:8:0
gru 29 21:43:44 bscnode-MS-7C91 kernel: fbcon: Deferring console take-over
gru 29 21:43:44 bscnode-MS-7C91 kernel: fb0: EFI VGA frame buffer device
gru 29 21:43:44 bscnode-MS-7C91 kernel: EFI Variables Facility v0.08 2004-May-17
gru 29 21:43:44 bscnode-MS-7C91 kernel: drop_monitor: Initializing network drop monitor service
gru 29 21:43:44 bscnode-MS-7C91 kernel: NET: Registered PF_INET6 protocol family
gru 29 21:43:44 bscnode-MS-7C91 kernel: Freeing initrd memory: 61852K
gru 29 21:43:44 bscnode-MS-7C91 kernel: Segment Routing with IPv6
gru 29 21:43:44 bscnode-MS-7C91 kernel: In-situ OAM (IOAM) with IPv6
gru 29 21:43:44 bscnode-MS-7C91 kernel: NET: Registered PF_PACKET protocol family
gru 29 21:43:44 bscnode-MS-7C91 kernel: Key type dns_resolver registered
gru 29 21:43:44 bscnode-MS-7C91 kernel: microcode: CPU0: patch_level=0x0a201016
gru 29 21:43:44 bscnode-MS-7C91 kernel: microcode: CPU1: patch_level=0x0a201016
gru 29 21:43:44 bscnode-MS-7C91 kernel: microcode: CPU2: patch_level=0x0a201016
gru 29 21:43:44 bscnode-MS-7C91 kernel: microcode: CPU3: patch_level=0x0a201016
gru 29 21:43:44 bscnode-MS-7C91 kernel: microcode: CPU4: patch_level=0x0a201016
gru 29 21:43:44 bscnode-MS-7C91 kernel: microcode: CPU5: patch_level=0x0a201016
gru 29 21:43:44 bscnode-MS-7C91 kernel: microcode: CPU6: patch_level=0x0a201016
gru 29 21:43:44 bscnode-MS-7C91 kernel: microcode: CPU7: patch_level=0x0a201016
gru 29 21:43:44 bscnode-MS-7C91 kernel: microcode: CPU8: patch_level=0x0a201016
gru 29 21:43:44 bscnode-MS-7C91 kernel: microcode: CPU9: patch_level=0x0a201016
gru 29 21:43:44 bscnode-MS-7C91 kernel: microcode: CPU10: patch_level=0x0a201016
gru 29 21:43:44 bscnode-MS-7C91 kernel: microcode: CPU11: patch_level=0x0a201016
gru 29 21:43:44 bscnode-MS-7C91 kernel: microcode: CPU12: patch_level=0x0a201016
gru 29 21:43:44 bscnode-MS-7C91 kernel: microcode: CPU13: patch_level=0x0a201016
gru 29 21:43:44 bscnode-MS-7C91 kernel: microcode: CPU14: patch_level=0x0a201016
gru 29 21:43:44 bscnode-MS-7C91 kernel: microcode: CPU15: patch_level=0x0a201016
gru 29 21:43:44 bscnode-MS-7C91 kernel: microcode: CPU16: patch_level=0x0a201016
gru 29 21:43:44 bscnode-MS-7C91 kernel: microcode: CPU17: patch_level=0x0a201016
gru 29 21:43:44 bscnode-MS-7C91 kernel: microcode: CPU18: patch_level=0x0a201016
gru 29 21:43:44 bscnode-MS-7C91 kernel: microcode: CPU19: patch_level=0x0a201016
gru 29 21:43:44 bscnode-MS-7C91 kernel: microcode: CPU20: patch_level=0x0a201016
gru 29 21:43:44 bscnode-MS-7C91 kernel: microcode: CPU21: patch_level=0x0a201016
gru 29 21:43:44 bscnode-MS-7C91 kernel: microcode: CPU22: patch_level=0x0a201016
gru 29 21:43:44 bscnode-MS-7C91 kernel: microcode: CPU23: patch_level=0x0a201016
gru 29 21:43:44 bscnode-MS-7C91 kernel: microcode: Microcode Update Driver: v2.2.
gru 29 21:43:44 bscnode-MS-7C91 kernel: resctrl: L3 allocation detected
gru 29 21:43:44 bscnode-MS-7C91 kernel: resctrl: MB allocation detected
gru 29 21:43:44 bscnode-MS-7C91 kernel: resctrl: L3 monitoring detected
gru 29 21:43:44 bscnode-MS-7C91 kernel: IPI shorthand broadcast: enabled
gru 29 21:43:44 bscnode-MS-7C91 kernel: sched_clock: Marking stable (528228707, 312195453)->(874988947, -34564787)
gru 29 21:43:44 bscnode-MS-7C91 kernel: registered taskstats version 1
gru 29 21:43:44 bscnode-MS-7C91 kernel: Loading compiled-in X.509 certificates
gru 29 21:43:44 bscnode-MS-7C91 kernel: Loaded X.509 cert 'Build time autogenerated kernel key: e377a8d98910596b8bf176f042050e2efd9d6422'
gru 29 21:43:44 bscnode-MS-7C91 kernel: Loaded X.509 cert 'Canonical Ltd. Live Patch Signing: 14df34d1a87cf37625abec039ef2bf521249b969'
gru 29 21:43:44 bscnode-MS-7C91 kernel: Loaded X.509 cert 'Canonical Ltd. Kernel Module Signing: 88f752e560a1e0737e31163a466ad7b70a850c19'
gru 29 21:43:44 bscnode-MS-7C91 kernel: blacklist: Loading compiled-in revocation X.509 certificates
gru 29 21:43:44 bscnode-MS-7C91 kernel: Loaded X.509 cert 'Canonical Ltd. Secure Boot Signing: 61482aa2830d0ab2ad5af10b7250da9033ddcef0'
gru 29 21:43:44 bscnode-MS-7C91 kernel: zswap: loaded using pool lzo/zbud
gru 29 21:43:44 bscnode-MS-7C91 kernel: Key type ._fscrypt registered
gru 29 21:43:44 bscnode-MS-7C91 kernel: Key type .fscrypt registered
gru 29 21:43:44 bscnode-MS-7C91 kernel: Key type fscrypt-provisioning registered
gru 29 21:43:44 bscnode-MS-7C91 kernel: Key type trusted registered
gru 29 21:43:44 bscnode-MS-7C91 kernel: Key type encrypted registered
gru 29 21:43:44 bscnode-MS-7C91 kernel: AppArmor: AppArmor sha1 policy hashing enabled
gru 29 21:43:44 bscnode-MS-7C91 kernel: integrity: Loading X.509 certificate: UEFI:db
gru 29 21:43:44 bscnode-MS-7C91 kernel: integrity: Loaded X.509 cert 'Microsoft Corporation UEFI CA 2011: 13adbf4309bd82709c8cd54f316ed522988a1bd4'
gru 29 21:43:44 bscnode-MS-7C91 kernel: integrity: Loading X.509 certificate: UEFI:db
gru 29 21:43:44 bscnode-MS-7C91 kernel: integrity: Loaded X.509 cert 'Microsoft Windows Production PCA 2011: a92902398e16c49778cd90f99e4f9ae17c55af53'
gru 29 21:43:44 bscnode-MS-7C91 kernel: integrity: Revoking X.509 certificate: UEFI:dbx
gru 29 21:43:44 bscnode-MS-7C91 kernel: blacklist: Revoked X.509 cert 'Canonical Ltd. Secure Boot Signing: 61482aa2830d0ab2ad5af10b7250da9033ddcef0'
gru 29 21:43:44 bscnode-MS-7C91 kernel: integrity: Revoking X.509 certificate: UEFI:dbx
gru 29 21:43:44 bscnode-MS-7C91 kernel: blacklist: Revoked X.509 cert 'Debian Secure Boot Signer: 00a7468def'
gru 29 21:43:44 bscnode-MS-7C91 kernel: integrity: Loading X.509 certificate: UEFI:MokListRT (MOKvar table)
gru 29 21:43:44 bscnode-MS-7C91 kernel: integrity: Loaded X.509 cert 'Canonical Ltd. Master Certificate Authority: ad91990bc22ab1f517048c23b6655a268e345a63'
gru 29 21:43:44 bscnode-MS-7C91 kernel: Loading compiled-in module X.509 certificates
gru 29 21:43:44 bscnode-MS-7C91 kernel: Loaded X.509 cert 'Build time autogenerated kernel key: e377a8d98910596b8bf176f042050e2efd9d6422'
gru 29 21:43:44 bscnode-MS-7C91 kernel: ima: Allocated hash algorithm: sha1
gru 29 21:43:44 bscnode-MS-7C91 kernel: ima: No architecture policies found
gru 29 21:43:44 bscnode-MS-7C91 kernel: evm: Initialising EVM extended attributes:
gru 29 21:43:44 bscnode-MS-7C91 kernel: evm: security.selinux
gru 29 21:43:44 bscnode-MS-7C91 kernel: evm: security.SMACK64
gru 29 21:43:44 bscnode-MS-7C91 kernel: evm: security.SMACK64EXEC
gru 29 21:43:44 bscnode-MS-7C91 kernel: evm: security.SMACK64TRANSMUTE
gru 29 21:43:44 bscnode-MS-7C91 kernel: evm: security.SMACK64MMAP
gru 29 21:43:44 bscnode-MS-7C91 kernel: evm: security.apparmor
gru 29 21:43:44 bscnode-MS-7C91 kernel: evm: security.ima
gru 29 21:43:44 bscnode-MS-7C91 kernel: evm: security.capability
gru 29 21:43:44 bscnode-MS-7C91 kernel: evm: HMAC attrs: 0x1
gru 29 21:43:44 bscnode-MS-7C91 kernel: PM:   Magic number: 2:26:752
gru 29 21:43:44 bscnode-MS-7C91 kernel: tty ttyS3: hash matches
gru 29 21:43:44 bscnode-MS-7C91 kernel: RAS: Correctable Errors collector initialized.
gru 29 21:43:44 bscnode-MS-7C91 kernel: Freeing unused decrypted memory: 2036K
gru 29 21:43:44 bscnode-MS-7C91 kernel: Freeing unused kernel image (initmem) memory: 3232K
gru 29 21:43:44 bscnode-MS-7C91 kernel: Write protecting the kernel read-only data: 30720k
gru 29 21:43:44 bscnode-MS-7C91 kernel: Freeing unused kernel image (text/rodata gap) memory: 2036K
gru 29 21:43:44 bscnode-MS-7C91 kernel: Freeing unused kernel image (rodata/data gap) memory: 1476K
gru 29 21:43:44 bscnode-MS-7C91 kernel: x86/mm: Checked W+X mappings: passed, no W+X pages found.
gru 29 21:43:44 bscnode-MS-7C91 kernel: Run /init as init process
gru 29 21:43:44 bscnode-MS-7C91 kernel:   with arguments:
gru 29 21:43:44 bscnode-MS-7C91 kernel:     /init
gru 29 21:43:44 bscnode-MS-7C91 kernel:     splash
gru 29 21:43:44 bscnode-MS-7C91 kernel:   with environment:
gru 29 21:43:44 bscnode-MS-7C91 kernel:     HOME=/
gru 29 21:43:44 bscnode-MS-7C91 kernel:     TERM=linux
gru 29 21:43:44 bscnode-MS-7C91 kernel:     BOOT_IMAGE=/vmlinuz-5.15.0-56-generic
gru 29 21:43:44 bscnode-MS-7C91 kernel: piix4_smbus 0000:00:14.0: SMBus Host Controller at 0xb00, revision 0
gru 29 21:43:44 bscnode-MS-7C91 kernel: piix4_smbus 0000:00:14.0: Using register 0x02 for SMBus port selection
gru 29 21:43:44 bscnode-MS-7C91 kernel: piix4_smbus 0000:00:14.0: Auxiliary SMBus Host Controller at 0xb20
gru 29 21:43:44 bscnode-MS-7C91 kernel: xhci_hcd 0000:06:00.0: xHCI Host Controller
gru 29 21:43:44 bscnode-MS-7C91 kernel: xhci_hcd 0000:06:00.0: new USB bus registered, assigned bus number 1
gru 29 21:43:44 bscnode-MS-7C91 kernel: ahci 0000:06:00.1: version 3.0
gru 29 21:43:44 bscnode-MS-7C91 kernel: ahci 0000:06:00.1: SSS flag set, parallel bus scan disabled
gru 29 21:43:44 bscnode-MS-7C91 kernel: ahci 0000:06:00.1: AHCI 0001.0301 32 slots 6 ports 6 Gbps 0x3f impl SATA mode
gru 29 21:43:44 bscnode-MS-7C91 kernel: ahci 0000:06:00.1: flags: 64bit ncq sntf stag pm led clo only pmp pio slum part sxs deso sadm sds apst 
gru 29 21:43:44 bscnode-MS-7C91 kernel: nvme nvme0: pci function 0000:01:00.0
gru 29 21:43:44 bscnode-MS-7C91 kernel: nvme nvme1: pci function 0000:08:00.0
gru 29 21:43:44 bscnode-MS-7C91 kernel: acpi PNP0C14:02: duplicate WMI GUID 05901221-D566-11D1-B2F0-00A0C9062910 (first instance was on PNP0C14:01)
gru 29 21:43:44 bscnode-MS-7C91 kernel: scsi host0: ahci
gru 29 21:43:44 bscnode-MS-7C91 kernel: scsi host1: ahci
gru 29 21:43:44 bscnode-MS-7C91 kernel: scsi host2: ahci
gru 29 21:43:44 bscnode-MS-7C91 kernel: scsi host3: ahci
gru 29 21:43:44 bscnode-MS-7C91 kernel: scsi host4: ahci
gru 29 21:43:44 bscnode-MS-7C91 kernel: scsi host5: ahci
gru 29 21:43:44 bscnode-MS-7C91 kernel: ata1: SATA max UDMA/133 abar m131072@0xfc980000 port 0xfc980100 irq 41
gru 29 21:43:44 bscnode-MS-7C91 kernel: ata2: SATA max UDMA/133 abar m131072@0xfc980000 port 0xfc980180 irq 41
gru 29 21:43:44 bscnode-MS-7C91 kernel: ata3: SATA max UDMA/133 abar m131072@0xfc980000 port 0xfc980200 irq 41
gru 29 21:43:44 bscnode-MS-7C91 kernel: ata4: SATA max UDMA/133 abar m131072@0xfc980000 port 0xfc980280 irq 41
gru 29 21:43:44 bscnode-MS-7C91 kernel: ata5: SATA max UDMA/133 abar m131072@0xfc980000 port 0xfc980300 irq 41
gru 29 21:43:44 bscnode-MS-7C91 kernel: ata6: SATA max UDMA/133 abar m131072@0xfc980000 port 0xfc980380 irq 41
gru 29 21:43:44 bscnode-MS-7C91 kernel: nvme nvme0: missing or invalid SUBNQN field.
gru 29 21:43:44 bscnode-MS-7C91 kernel: nvme nvme0: Shutdown timeout set to 8 seconds
gru 29 21:43:44 bscnode-MS-7C91 kernel: nvme nvme1: missing or invalid SUBNQN field.
gru 29 21:43:44 bscnode-MS-7C91 kernel: nvme nvme1: 15/0/0 default/read/poll queues
gru 29 21:43:44 bscnode-MS-7C91 kernel: r8169 0000:09:00.0 eth0: RTL8168h/8111h, d8:bb:c1:39:6f:35, XID 541, IRQ 92
gru 29 21:43:44 bscnode-MS-7C91 kernel: r8169 0000:09:00.0 eth0: jumbo features [frames: 9194 bytes, tx checksumming: ko]
gru 29 21:43:44 bscnode-MS-7C91 kernel:  nvme1n1: p1 p2 p3
gru 29 21:43:44 bscnode-MS-7C91 kernel: r8169 0000:2a:00.0 eth1: RTL8125B, d8:bb:c1:39:6f:34, XID 641, IRQ 93
gru 29 21:43:44 bscnode-MS-7C91 kernel: r8169 0000:2a:00.0 eth1: jumbo features [frames: 9194 bytes, tx checksumming: ko]
gru 29 21:43:44 bscnode-MS-7C91 kernel: nvme nvme0: 32/0/0 default/read/poll queues
gru 29 21:43:44 bscnode-MS-7C91 kernel:  nvme0n1: p1 p2
gru 29 21:43:44 bscnode-MS-7C91 kernel: xhci_hcd 0000:06:00.0: hcc params 0x0200ef81 hci version 0x110 quirks 0x0000000000000410
gru 29 21:43:44 bscnode-MS-7C91 kernel: xhci_hcd 0000:06:00.0: xHCI Host Controller
gru 29 21:43:44 bscnode-MS-7C91 kernel: xhci_hcd 0000:06:00.0: new USB bus registered, assigned bus number 2
gru 29 21:43:44 bscnode-MS-7C91 kernel: xhci_hcd 0000:06:00.0: Host supports USB 3.1 Enhanced SuperSpeed
gru 29 21:43:44 bscnode-MS-7C91 kernel: usb usb1: New USB device found, idVendor=1d6b, idProduct=0002, bcdDevice= 5.15
gru 29 21:43:44 bscnode-MS-7C91 kernel: usb usb1: New USB device strings: Mfr=3, Product=2, SerialNumber=1
gru 29 21:43:44 bscnode-MS-7C91 kernel: usb usb1: Product: xHCI Host Controller
gru 29 21:43:44 bscnode-MS-7C91 kernel: usb usb1: Manufacturer: Linux 5.15.0-56-generic xhci-hcd
gru 29 21:43:44 bscnode-MS-7C91 kernel: usb usb1: SerialNumber: 0000:06:00.0
gru 29 21:43:44 bscnode-MS-7C91 kernel: hub 1-0:1.0: USB hub found
gru 29 21:43:44 bscnode-MS-7C91 kernel: hub 1-0:1.0: 10 ports detected
gru 29 21:43:44 bscnode-MS-7C91 kernel: usb usb2: We don't know the algorithms for LPM for this host, disabling LPM.
gru 29 21:43:44 bscnode-MS-7C91 kernel: usb usb2: New USB device found, idVendor=1d6b, idProduct=0003, bcdDevice= 5.15
gru 29 21:43:44 bscnode-MS-7C91 kernel: usb usb2: New USB device strings: Mfr=3, Product=2, SerialNumber=1
gru 29 21:43:44 bscnode-MS-7C91 kernel: usb usb2: Product: xHCI Host Controller
gru 29 21:43:44 bscnode-MS-7C91 kernel: usb usb2: Manufacturer: Linux 5.15.0-56-generic xhci-hcd
gru 29 21:43:44 bscnode-MS-7C91 kernel: usb usb2: SerialNumber: 0000:06:00.0
gru 29 21:43:44 bscnode-MS-7C91 kernel: hub 2-0:1.0: USB hub found
gru 29 21:43:44 bscnode-MS-7C91 kernel: hub 2-0:1.0: 4 ports detected
gru 29 21:43:44 bscnode-MS-7C91 kernel: xhci_hcd 0000:2d:00.3: xHCI Host Controller
gru 29 21:43:44 bscnode-MS-7C91 kernel: xhci_hcd 0000:2d:00.3: new USB bus registered, assigned bus number 3
gru 29 21:43:44 bscnode-MS-7C91 kernel: xhci_hcd 0000:2d:00.3: hcc params 0x0278ffe5 hci version 0x110 quirks 0x0000000000000410
gru 29 21:43:44 bscnode-MS-7C91 kernel: xhci_hcd 0000:2d:00.3: xHCI Host Controller
gru 29 21:43:44 bscnode-MS-7C91 kernel: xhci_hcd 0000:2d:00.3: new USB bus registered, assigned bus number 4
gru 29 21:43:44 bscnode-MS-7C91 kernel: xhci_hcd 0000:2d:00.3: Host supports USB 3.1 Enhanced SuperSpeed
gru 29 21:43:44 bscnode-MS-7C91 kernel: usb usb3: New USB device found, idVendor=1d6b, idProduct=0002, bcdDevice= 5.15
gru 29 21:43:44 bscnode-MS-7C91 kernel: usb usb3: New USB device strings: Mfr=3, Product=2, SerialNumber=1
gru 29 21:43:44 bscnode-MS-7C91 kernel: usb usb3: Product: xHCI Host Controller
gru 29 21:43:44 bscnode-MS-7C91 kernel: usb usb3: Manufacturer: Linux 5.15.0-56-generic xhci-hcd
gru 29 21:43:44 bscnode-MS-7C91 kernel: usb usb3: SerialNumber: 0000:2d:00.3
gru 29 21:43:44 bscnode-MS-7C91 kernel: hub 3-0:1.0: USB hub found
gru 29 21:43:44 bscnode-MS-7C91 kernel: hub 3-0:1.0: 4 ports detected
gru 29 21:43:44 bscnode-MS-7C91 kernel: usb usb4: We don't know the algorithms for LPM for this host, disabling LPM.
gru 29 21:43:44 bscnode-MS-7C91 kernel: usb usb4: New USB device found, idVendor=1d6b, idProduct=0003, bcdDevice= 5.15
gru 29 21:43:44 bscnode-MS-7C91 kernel: usb usb4: New USB device strings: Mfr=3, Product=2, SerialNumber=1
gru 29 21:43:44 bscnode-MS-7C91 kernel: usb usb4: Product: xHCI Host Controller
gru 29 21:43:44 bscnode-MS-7C91 kernel: usb usb4: Manufacturer: Linux 5.15.0-56-generic xhci-hcd
gru 29 21:43:44 bscnode-MS-7C91 kernel: usb usb4: SerialNumber: 0000:2d:00.3
gru 29 21:43:44 bscnode-MS-7C91 kernel: hub 4-0:1.0: USB hub found
gru 29 21:43:44 bscnode-MS-7C91 kernel: hub 4-0:1.0: 4 ports detected
gru 29 21:43:44 bscnode-MS-7C91 kernel: r8169 0000:09:00.0 enp9s0: renamed from eth0
gru 29 21:43:44 bscnode-MS-7C91 kernel: ata1: SATA link down (SStatus 0 SControl 330)
gru 29 21:43:44 bscnode-MS-7C91 kernel: usb 3-3: new high-speed USB device number 2 using xhci_hcd
gru 29 21:43:44 bscnode-MS-7C91 kernel: usb 1-2: new high-speed USB device number 2 using xhci_hcd
gru 29 21:43:44 bscnode-MS-7C91 kernel: tsc: Refined TSC clocksource calibration: 2999.999 MHz
gru 29 21:43:44 bscnode-MS-7C91 kernel: clocksource: tsc: mask: 0xffffffffffffffff max_cycles: 0x2b3e44b2357, max_idle_ns: 440795324996 ns
gru 29 21:43:44 bscnode-MS-7C91 kernel: clocksource: Switched to clocksource tsc
gru 29 21:43:44 bscnode-MS-7C91 kernel: usb 3-3: New USB device found, idVendor=534d, idProduct=2109, bcdDevice=21.00
gru 29 21:43:44 bscnode-MS-7C91 kernel: usb 3-3: New USB device strings: Mfr=1, Product=2, SerialNumber=0
gru 29 21:43:44 bscnode-MS-7C91 kernel: usb 3-3: Product: USB3. 0 capture
gru 29 21:43:44 bscnode-MS-7C91 kernel: usb 3-3: Manufacturer: MACROSILICON
gru 29 21:43:44 bscnode-MS-7C91 kernel: ata2: SATA link down (SStatus 0 SControl 330)
gru 29 21:43:44 bscnode-MS-7C91 kernel: usb 1-2: New USB device found, idVendor=05e3, idProduct=0608, bcdDevice=60.70
gru 29 21:43:44 bscnode-MS-7C91 kernel: usb 1-2: New USB device strings: Mfr=0, Product=1, SerialNumber=0
gru 29 21:43:44 bscnode-MS-7C91 kernel: usb 1-2: Product: USB2.0 Hub
gru 29 21:43:44 bscnode-MS-7C91 kernel: hub 1-2:1.0: USB hub found
gru 29 21:43:44 bscnode-MS-7C91 kernel: hub 1-2:1.0: 4 ports detected
gru 29 21:43:44 bscnode-MS-7C91 kernel: usb 3-4: new full-speed USB device number 3 using xhci_hcd
gru 29 21:43:44 bscnode-MS-7C91 kernel: usb 1-5: new full-speed USB device number 3 using xhci_hcd
gru 29 21:43:44 bscnode-MS-7C91 kernel: ata3: SATA link down (SStatus 0 SControl 330)
gru 29 21:43:44 bscnode-MS-7C91 kernel: usb 3-4: New USB device found, idVendor=0205, idProduct=0001, bcdDevice= 1.00
gru 29 21:43:44 bscnode-MS-7C91 kernel: usb 3-4: New USB device strings: Mfr=1, Product=2, SerialNumber=0
gru 29 21:43:44 bscnode-MS-7C91 kernel: usb 3-4: Product: Superlux E205U
gru 29 21:43:44 bscnode-MS-7C91 kernel: usb 3-4: Manufacturer: Superlux digit
gru 29 21:43:44 bscnode-MS-7C91 kernel: hid: raw HID events driver (C) Jiri Kosina
gru 29 21:43:44 bscnode-MS-7C91 kernel: usb 1-5: New USB device found, idVendor=258a, idProduct=001a, bcdDevice=32.06
gru 29 21:43:44 bscnode-MS-7C91 kernel: usb 1-5: New USB device strings: Mfr=1, Product=2, SerialNumber=0
gru 29 21:43:44 bscnode-MS-7C91 kernel: usb 1-5: Product: Gaming KB 
gru 29 21:43:44 bscnode-MS-7C91 kernel: usb 1-5: Manufacturer: Gaming KB 
gru 29 21:43:44 bscnode-MS-7C91 kernel: ata4: SATA link down (SStatus 0 SControl 330)
gru 29 21:43:44 bscnode-MS-7C91 kernel: usb 1-6: new full-speed USB device number 4 using xhci_hcd
gru 29 21:43:44 bscnode-MS-7C91 kernel: ata5: SATA link down (SStatus 0 SControl 330)
gru 29 21:43:44 bscnode-MS-7C91 kernel: ata6: SATA link down (SStatus 0 SControl 330)
gru 29 21:43:44 bscnode-MS-7C91 kernel: r8169 0000:2a:00.0 enp42s0: renamed from eth1
gru 29 21:43:44 bscnode-MS-7C91 kernel: usb 1-6: New USB device found, idVendor=04d9, idProduct=ad50, bcdDevice= 1.00
gru 29 21:43:44 bscnode-MS-7C91 kernel: usb 1-6: New USB device strings: Mfr=0, Product=2, SerialNumber=0
gru 29 21:43:44 bscnode-MS-7C91 kernel: usb 1-6: Product: USB Gaming Mouse
gru 29 21:43:44 bscnode-MS-7C91 kernel: usbcore: registered new interface driver usbhid
gru 29 21:43:44 bscnode-MS-7C91 kernel: usbhid: USB HID core driver
gru 29 21:43:44 bscnode-MS-7C91 kernel: hid-generic 0003:534D:2109.0001: hiddev0,hidraw0: USB HID v1.10 Device [MACROSILICON USB3. 0 capture] on usb-0000:2d:00.3-3/input4
gru 29 21:43:44 bscnode-MS-7C91 kernel: input: Superlux digit Superlux E205U Consumer Control as /devices/pci0000:00/0000:00:08.1/0000:2d:00.3/usb3/3-4/3-4:1.3/0003:0205:0001.0002/input/input2
gru 29 21:43:44 bscnode-MS-7C91 kernel: hid-generic 0003:0205:0001.0002: input,hiddev1,hidraw1: USB HID v1.00 Device [Superlux digit Superlux E205U] on usb-0000:2d:00.3-4/input3
gru 29 21:43:44 bscnode-MS-7C91 kernel: input: Gaming KB  Gaming KB  as /devices/pci0000:00/0000:00:01.2/0000:06:00.0/usb1/1-5/1-5:1.0/0003:258A:001A.0003/input/input4
gru 29 21:43:44 bscnode-MS-7C91 kernel: hid-generic 0003:258A:001A.0003: input,hidraw2: USB HID v1.11 Keyboard [Gaming KB  Gaming KB ] on usb-0000:06:00.0-5/input0
gru 29 21:43:44 bscnode-MS-7C91 kernel: input: USB Gaming Mouse as /devices/pci0000:00/0000:00:01.2/0000:06:00.0/usb1/1-6/1-6:1.0/0003:04D9:AD50.0004/input/input5
gru 29 21:43:44 bscnode-MS-7C91 kernel: hid-generic 0003:04D9:AD50.0004: input,hidraw3: USB HID v1.10 Mouse [USB Gaming Mouse] on usb-0000:06:00.0-6/input0
gru 29 21:43:44 bscnode-MS-7C91 kernel: input: USB Gaming Mouse Keyboard as /devices/pci0000:00/0000:00:01.2/0000:06:00.0/usb1/1-6/1-6:1.1/0003:04D9:AD50.0005/input/input6
gru 29 21:43:44 bscnode-MS-7C91 kernel: usb 1-8: new full-speed USB device number 5 using xhci_hcd
gru 29 21:43:44 bscnode-MS-7C91 kernel: input: USB Gaming Mouse as /devices/pci0000:00/0000:00:01.2/0000:06:00.0/usb1/1-6/1-6:1.1/0003:04D9:AD50.0005/input/input7
gru 29 21:43:44 bscnode-MS-7C91 kernel: input: USB Gaming Mouse as /devices/pci0000:00/0000:00:01.2/0000:06:00.0/usb1/1-6/1-6:1.1/0003:04D9:AD50.0005/input/input8
gru 29 21:43:44 bscnode-MS-7C91 kernel: hid-generic 0003:04D9:AD50.0005: input,hiddev2,hidraw4: USB HID v1.10 Keyboard [USB Gaming Mouse] on usb-0000:06:00.0-6/input1
gru 29 21:43:44 bscnode-MS-7C91 kernel: hid-generic 0003:04D9:AD50.0006: hiddev3,hidraw5: USB HID v1.10 Device [USB Gaming Mouse] on usb-0000:06:00.0-6/input2
gru 29 21:43:44 bscnode-MS-7C91 kernel: input: Gaming KB  Gaming KB  System Control as /devices/pci0000:00/0000:00:01.2/0000:06:00.0/usb1/1-5/1-5:1.1/0003:258A:001A.0007/input/input9
gru 29 21:43:44 bscnode-MS-7C91 kernel: input: Gaming KB  Gaming KB  Consumer Control as /devices/pci0000:00/0000:00:01.2/0000:06:00.0/usb1/1-5/1-5:1.1/0003:258A:001A.0007/input/input10
gru 29 21:43:44 bscnode-MS-7C91 kernel: input: Gaming KB  Gaming KB  Keyboard as /devices/pci0000:00/0000:00:01.2/0000:06:00.0/usb1/1-5/1-5:1.1/0003:258A:001A.0007/input/input11
gru 29 21:43:44 bscnode-MS-7C91 kernel: hid-generic 0003:258A:001A.0007: input,hiddev4,hidraw6: USB HID v1.11 Keyboard [Gaming KB  Gaming KB ] on usb-0000:06:00.0-5/input1
gru 29 21:43:44 bscnode-MS-7C91 kernel: usb 1-8: New USB device found, idVendor=1462, idProduct=7c91, bcdDevice= 0.01
gru 29 21:43:44 bscnode-MS-7C91 kernel: usb 1-8: New USB device strings: Mfr=1, Product=2, SerialNumber=3
gru 29 21:43:44 bscnode-MS-7C91 kernel: usb 1-8: Product: MYSTIC LIGHT 
gru 29 21:43:44 bscnode-MS-7C91 kernel: usb 1-8: Manufacturer: MSI
gru 29 21:43:44 bscnode-MS-7C91 kernel: usb 1-8: SerialNumber: A020200409A4
gru 29 21:43:44 bscnode-MS-7C91 kernel: input: MSI MYSTIC LIGHT  as /devices/pci0000:00/0000:00:01.2/0000:06:00.0/usb1/1-8/1-8:1.0/0003:1462:7C91.0008/input/input12
gru 29 21:43:44 bscnode-MS-7C91 kernel: hid-generic 0003:1462:7C91.0008: input,hiddev5,hidraw7: USB HID v1.10 Device [MSI MYSTIC LIGHT ] on usb-0000:06:00.0-8/input0
gru 29 21:43:44 bscnode-MS-7C91 kernel: fbcon: Taking over console
gru 29 21:43:44 bscnode-MS-7C91 kernel: Console: switching to colour frame buffer device 240x75
gru 29 21:43:44 bscnode-MS-7C91 kernel: EXT4-fs (nvme1n1p3): mounted filesystem with ordered data mode. Opts: (null). Quota mode: none.
gru 29 21:43:44 bscnode-MS-7C91 systemd[1]: Inserted module 'autofs4'
gru 29 21:43:44 bscnode-MS-7C91 systemd[1]: systemd 249.11-0ubuntu3.6 running in system mode (+PAM +AUDIT +SELINUX +APPARMOR +IMA +SMACK +SECCOMP +GCRYPT +GNUTLS +OPENSSL +ACL +BLKID +CURL +ELFUTILS +FIDO2 +IDN2 -IDN +IPTC +KMOD +LIBCRYPTSETUP +LIBFDISK +PCRE2 -PWQUALITY -P11KIT -QRENCODE +BZIP2 +LZ4 +XZ +ZLIB +ZSTD -XKBCOMMON +UTMP +SYSVINIT default-hierarchy=unified)
gru 29 21:43:44 bscnode-MS-7C91 systemd[1]: Detected architecture x86-64.
gru 29 21:43:44 bscnode-MS-7C91 systemd[1]: Hostname set to <bscnode-MS-7C91>.
gru 29 21:43:44 bscnode-MS-7C91 systemd[1]: geth.service: Service has no ExecStart=, ExecStop=, or SuccessAction=. Refusing.
gru 29 21:43:44 bscnode-MS-7C91 systemd[1]: geth.service: Cannot add dependency job, ignoring: Unit geth.service has a bad unit file setting.
gru 29 21:43:44 bscnode-MS-7C91 systemd[1]: Queued start job for default target Graphical Interface.
gru 29 21:43:44 bscnode-MS-7C91 systemd[1]: Created slice Slice /system/modprobe.
gru 29 21:43:44 bscnode-MS-7C91 systemd[1]: Created slice Slice /system/systemd-fsck.
gru 29 21:43:44 bscnode-MS-7C91 systemd[1]: Created slice User and Session Slice.
gru 29 21:43:44 bscnode-MS-7C91 systemd[1]: Started Forward Password Requests to Wall Directory Watch.
gru 29 21:43:44 bscnode-MS-7C91 systemd[1]: Set up automount Arbitrary Executable File Formats File System Automount Point.
gru 29 21:43:44 bscnode-MS-7C91 systemd[1]: Reached target Remote File Systems.
gru 29 21:43:44 bscnode-MS-7C91 systemd[1]: Reached target Slice Units.
gru 29 21:43:44 bscnode-MS-7C91 systemd[1]: Reached target Local Verity Protected Volumes.
gru 29 21:43:44 bscnode-MS-7C91 systemd[1]: Listening on Syslog Socket.
gru 29 21:43:44 bscnode-MS-7C91 systemd[1]: Listening on fsck to fsckd communication Socket.
gru 29 21:43:44 bscnode-MS-7C91 systemd[1]: Listening on initctl Compatibility Named Pipe.
gru 29 21:43:44 bscnode-MS-7C91 systemd[1]: Listening on Journal Audit Socket.
gru 29 21:43:44 bscnode-MS-7C91 systemd[1]: Listening on Journal Socket (/dev/log).
gru 29 21:43:44 bscnode-MS-7C91 systemd[1]: Listening on Journal Socket.
gru 29 21:43:44 bscnode-MS-7C91 systemd[1]: Listening on udev Control Socket.
gru 29 21:43:44 bscnode-MS-7C91 systemd[1]: Listening on udev Kernel Socket.
gru 29 21:43:44 bscnode-MS-7C91 systemd[1]: Mounting Huge Pages File System...
gru 29 21:43:44 bscnode-MS-7C91 systemd[1]: Mounting POSIX Message Queue File System...
gru 29 21:43:44 bscnode-MS-7C91 systemd[1]: Mounting Kernel Debug File System...
gru 29 21:43:44 bscnode-MS-7C91 systemd[1]: Mounting Kernel Trace File System...
gru 29 21:43:44 bscnode-MS-7C91 systemd[1]: Starting Journal Service...
gru 29 21:43:44 bscnode-MS-7C91 systemd[1]: Starting Set the console keyboard layout...
gru 29 21:43:44 bscnode-MS-7C91 systemd[1]: Starting Create List of Static Device Nodes...
gru 29 21:43:44 bscnode-MS-7C91 systemd[1]: Starting Load Kernel Module chromeos_pstore...
